#
# There is insufficient memory for the Java Runtime Environment to continue.
# Native memory allocation (malloc) failed to allocate 497808 bytes. Error detail: Chunk::new
# Possible reasons:
#   The system is out of physical RAM or swap space
#   This process is running with CompressedOops enabled, and the Java Heap may be blocking the growth of the native heap
# Possible solutions:
#   Reduce memory load on the system
#   Increase physical memory or swap space
#   Check if swap backing store is full
#   Decrease Java heap size (-Xmx/-Xms)
#   Decrease number of Java threads
#   Decrease Java thread stack sizes (-Xss)
#   Set larger code cache with -XX:ReservedCodeCacheSize=
#   JVM is running with Unscaled Compressed Oops mode in which the Java heap is
#     placed in the first 4GB address space. The Java Heap base address is the
#     maximum limit for the native heap growth. Please use -XX:HeapBaseMinAddress
#     to set the Java Heap base and to place the Java Heap above 4GB virtual address.
# This output file may be truncated or incomplete.
#
#  Out of Memory Error (arena.cpp:168), pid=42148, tid=42096
#
# JRE version: OpenJDK Runtime Environment Temurin-21.0.8+9 (21.0.8+9) (build 21.0.8+9-LTS)
# Java VM: OpenJDK 64-Bit Server VM Temurin-21.0.8+9 (21.0.8+9-LTS, mixed mode, sharing, tiered, compressed oops, compressed class ptrs, parallel gc, windows-amd64)
# No core dump will be written. Minidumps are not enabled by default on client versions of Windows
#

---------------  S U M M A R Y ------------

Command Line: --add-modules=ALL-SYSTEM --add-opens=java.base/java.util=ALL-UNNAMED --add-opens=java.base/java.lang=ALL-UNNAMED --add-opens=java.base/sun.nio.fs=ALL-UNNAMED -Declipse.application=org.eclipse.jdt.ls.core.id1 -Dosgi.bundles.defaultStartLevel=4 -Declipse.product=org.eclipse.jdt.ls.core.product -Djava.import.generatesMetadataFilesAtProjectRoot=false -DDetectVMInstallationsJob.disabled=true -Dfile.encoding=utf8 -XX:+UseParallelGC -XX:GCTimeRatio=4 -XX:AdaptiveSizePolicyWeight=90 -Dsun.zip.disableMemoryMapping=true -Xmx2G -Xms100m -Xlog:disable -javaagent:c:\Users\CK-2018(5CG10461ML)\.vscode\extensions\redhat.java-1.47.0-win32-x64\lombok\lombok-1.18.39-4050.jar c:\Users\CK-2018(5CG10461ML)\.vscode\extensions\redhat.java-1.47.0-win32-x64\server\plugins\org.eclipse.equinox.launcher_1.7.100.v20251014-1222.jar -configuration c:\Users\CK-2018(5CG10461ML)\AppData\Roaming\Code\User\globalStorage\redhat.java\1.47.0\config_ss_win -data c:\Users\CK-2018(5CG10461ML)\AppData\Roaming\Code\User\workspaceStorage\48edd4482cddc8e33c2859454edb14ff\redhat.java\ss_ws --pipe=\\.\pipe\lsp-47acd61d136b3d00e17421471c2fe0a9-sock

Host: Intel(R) Core(TM) i5-10210U CPU @ 1.60GHz, 8 cores, 7G,  Windows 10 , 64 bit Build 19041 (10.0.19041.3031)
Time: Wed Nov 12 22:21:19 2025 US Mountain Standard Time elapsed time: 20.413165 seconds (0d 0h 0m 20s)

---------------  T H R E A D  ---------------

Current thread (0x0000022c7bdad6d0):  JavaThread "C2 CompilerThread0" daemon [_thread_in_native, id=42096, stack(0x000000fb9e900000,0x000000fb9ea00000) (1024K)]


Current CompileTask:
C2:20413 4404       4       org.eclipse.core.internal.localstore.RefreshLocalAliasVisitor::createResource (103 bytes)

Stack: [0x000000fb9e900000,0x000000fb9ea00000]
Native frames: (J=compiled Java code, j=interpreted, Vv=VM code, C=native code)
V  [jvm.dll+0x6d2449]
V  [jvm.dll+0x8ae341]
V  [jvm.dll+0x8b08be]
V  [jvm.dll+0x8b0fa3]
V  [jvm.dll+0x280c96]
V  [jvm.dll+0xc581d]
V  [jvm.dll+0xc5d53]
V  [jvm.dll+0x13fc9f]
V  [jvm.dll+0x661835]
V  [jvm.dll+0x65fd8e]
V  [jvm.dll+0x248d55]
V  [jvm.dll+0x2484af]
V  [jvm.dll+0x1c89ee]
V  [jvm.dll+0x257d4d]
V  [jvm.dll+0x2562ea]
V  [jvm.dll+0x3f2d16]
V  [jvm.dll+0x857e6b]
V  [jvm.dll+0x6d0b0d]
C  [ucrtbase.dll+0x21bb2]
C  [KERNEL32.DLL+0x17614]
C  [ntdll.dll+0x526f1]


---------------  P R O C E S S  ---------------

Threads class SMR info:
_java_thread_list=0x0000022c7dd62ba0, length=36, elements={
0x0000022c74348000, 0x0000022c743fd080, 0x0000022c743fe7b0, 0x0000022c7bda52a0,
0x0000022c7bda89e0, 0x0000022c7bda96f0, 0x0000022c7bdab2b0, 0x0000022c7bdad6d0,
0x0000022c7bdbdff0, 0x0000022c7d72a4a0, 0x0000022c7d957650, 0x0000022c7e46c3a0,
0x0000022c7e029280, 0x0000022c7e0a0200, 0x0000022c7e05f4b0, 0x0000022c7d6b0490,
0x0000022c7dbdb9e0, 0x0000022c7e613430, 0x0000022c7dcb2f00, 0x0000022c7dcb3c20,
0x0000022c7dcb3590, 0x0000022c7dcb21e0, 0x0000022c7dcb2870, 0x0000022c7dcb42b0,
0x0000022c7dcb0e30, 0x0000022c7dcb14c0, 0x0000022c7ecc90d0, 0x0000022c7ecc7690,
0x0000022c7ecccbe0, 0x0000022c7ecca480, 0x0000022c7eccb1a0, 0x0000022c7eccb830,
0x0000022c7eccd900, 0x0000022c7eccc550, 0x0000022c7ecc7d20, 0x0000022c7ecc9df0
}

Java Threads: ( => current thread )
  0x0000022c74348000 JavaThread "main"                              [_thread_blocked, id=36180, stack(0x000000fb9df00000,0x000000fb9e000000) (1024K)]
  0x0000022c743fd080 JavaThread "Reference Handler"          daemon [_thread_blocked, id=19700, stack(0x000000fb9e300000,0x000000fb9e400000) (1024K)]
  0x0000022c743fe7b0 JavaThread "Finalizer"                  daemon [_thread_blocked, id=5888, stack(0x000000fb9e400000,0x000000fb9e500000) (1024K)]
  0x0000022c7bda52a0 JavaThread "Signal Dispatcher"          daemon [_thread_blocked, id=9412, stack(0x000000fb9e500000,0x000000fb9e600000) (1024K)]
  0x0000022c7bda89e0 JavaThread "Attach Listener"            daemon [_thread_blocked, id=38056, stack(0x000000fb9e600000,0x000000fb9e700000) (1024K)]
  0x0000022c7bda96f0 JavaThread "Service Thread"             daemon [_thread_blocked, id=38444, stack(0x000000fb9e700000,0x000000fb9e800000) (1024K)]
  0x0000022c7bdab2b0 JavaThread "Monitor Deflation Thread"   daemon [_thread_blocked, id=21824, stack(0x000000fb9e800000,0x000000fb9e900000) (1024K)]
=>0x0000022c7bdad6d0 JavaThread "C2 CompilerThread0"         daemon [_thread_in_native, id=42096, stack(0x000000fb9e900000,0x000000fb9ea00000) (1024K)]
  0x0000022c7bdbdff0 JavaThread "C1 CompilerThread0"         daemon [_thread_blocked, id=30456, stack(0x000000fb9ea00000,0x000000fb9eb00000) (1024K)]
  0x0000022c7d72a4a0 JavaThread "Common-Cleaner"             daemon [_thread_blocked, id=32884, stack(0x000000fb9eb00000,0x000000fb9ec00000) (1024K)]
  0x0000022c7d957650 JavaThread "Notification Thread"        daemon [_thread_blocked, id=34780, stack(0x000000fb9ec00000,0x000000fb9ed00000) (1024K)]
  0x0000022c7e46c3a0 JavaThread "Active Thread: Equinox Container: 51da67dc-7be0-415c-bb9a-bd0ab2299ddd"        [_thread_blocked, id=33408, stack(0x000000fb9f400000,0x000000fb9f500000) (1024K)]
  0x0000022c7e029280 JavaThread "Framework Event Dispatcher: Equinox Container: 51da67dc-7be0-415c-bb9a-bd0ab2299ddd" daemon [_thread_blocked, id=21396, stack(0x000000fb9ed00000,0x000000fb9ee00000) (1024K)]
  0x0000022c7e0a0200 JavaThread "Start Level: Equinox Container: 51da67dc-7be0-415c-bb9a-bd0ab2299ddd" daemon [_thread_blocked, id=13320, stack(0x000000fb9f500000,0x000000fb9f600000) (1024K)]
  0x0000022c7e05f4b0 JavaThread "SCR Component Actor"        daemon [_thread_blocked, id=41940, stack(0x000000fb9f700000,0x000000fb9f800000) (1024K)]
  0x0000022c7d6b0490 JavaThread "Worker-JM"                         [_thread_blocked, id=38672, stack(0x000000fb9f800000,0x000000fb9f900000) (1024K)]
  0x0000022c7dbdb9e0 JavaThread "Worker-0"                          [_thread_blocked, id=38112, stack(0x000000fb9fa00000,0x000000fb9fb00000) (1024K)]
  0x0000022c7e613430 JavaThread "Worker-1: Building"                [_thread_in_vm, id=19620, stack(0x000000fb9fb00000,0x000000fb9fc00000) (1024K)]
  0x0000022c7dcb2f00 JavaThread "JNA Cleaner"                daemon [_thread_blocked, id=1140, stack(0x000000fb9f900000,0x000000fb9fa00000) (1024K)]
  0x0000022c7dcb3c20 JavaThread "Thread-1"                   daemon [_thread_in_native, id=20308, stack(0x000000fb9fd00000,0x000000fb9fe00000) (1024K)]
  0x0000022c7dcb3590 JavaThread "Thread-2"                   daemon [_thread_in_native, id=36268, stack(0x000000fb9fe00000,0x000000fb9ff00000) (1024K)]
  0x0000022c7dcb21e0 JavaThread "Thread-3"                   daemon [_thread_in_native, id=8120, stack(0x000000fb9ff00000,0x000000fba0000000) (1024K)]
  0x0000022c7dcb2870 JavaThread "Thread-4"                   daemon [_thread_in_native, id=33916, stack(0x000000fba0000000,0x000000fba0100000) (1024K)]
  0x0000022c7dcb42b0 JavaThread "Thread-5"                   daemon [_thread_in_native, id=40472, stack(0x000000fba0100000,0x000000fba0200000) (1024K)]
  0x0000022c7dcb0e30 JavaThread "Thread-6"                   daemon [_thread_in_native, id=11980, stack(0x000000fba0200000,0x000000fba0300000) (1024K)]
  0x0000022c7dcb14c0 JavaThread "Thread-7"                   daemon [_thread_in_native, id=26080, stack(0x000000fba0300000,0x000000fba0400000) (1024K)]
  0x0000022c7ecc90d0 JavaThread "Thread-8"                   daemon [_thread_in_native, id=10324, stack(0x000000fba0400000,0x000000fba0500000) (1024K)]
  0x0000022c7ecc7690 JavaThread "Thread-9"                   daemon [_thread_in_native, id=36760, stack(0x000000fba0500000,0x000000fba0600000) (1024K)]
  0x0000022c7ecccbe0 JavaThread "pool-2-thread-1"                   [_thread_blocked, id=28252, stack(0x000000fba0600000,0x000000fba0700000) (1024K)]
  0x0000022c7ecca480 JavaThread "WorkspaceEventsHandler"            [_thread_blocked, id=11320, stack(0x000000fba0700000,0x000000fba0800000) (1024K)]
  0x0000022c7eccb1a0 JavaThread "pool-1-thread-1"                   [_thread_blocked, id=18864, stack(0x000000fba0800000,0x000000fba0900000) (1024K)]
  0x0000022c7eccb830 JavaThread "ForkJoinPool.commonPool-worker-1" daemon [_thread_blocked, id=5956, stack(0x000000fba0900000,0x000000fba0a00000) (1024K)]
  0x0000022c7eccd900 JavaThread "ForkJoinPool.commonPool-worker-2" daemon [_thread_blocked, id=4148, stack(0x000000fba0a00000,0x000000fba0b00000) (1024K)]
  0x0000022c7eccc550 JavaThread "Worker-2"                          [_thread_blocked, id=2240, stack(0x000000fb9fc00000,0x000000fb9fd00000) (1024K)]
  0x0000022c7ecc7d20 JavaThread "ForkJoinPool.commonPool-worker-3" daemon [_thread_blocked, id=25732, stack(0x000000fba0b00000,0x000000fba0c00000) (1024K)]
  0x0000022c7ecc9df0 JavaThread "Worker-3"                          [_thread_blocked, id=20264, stack(0x000000fba0c00000,0x000000fba0d00000) (1024K)]
Total: 36

Other Threads:
  0x0000022c720ee9d0 VMThread "VM Thread"                           [id=39888, stack(0x000000fb9e200000,0x000000fb9e300000) (1024K)]
  0x0000022c743b6960 WatcherThread "VM Periodic Task Thread"        [id=27484, stack(0x000000fb9e100000,0x000000fb9e200000) (1024K)]
  0x0000022c74368620 WorkerThread "GC Thread#0"                     [id=27320, stack(0x000000fb9e000000,0x000000fb9e100000) (1024K)]
  0x0000022c7dcf0410 WorkerThread "GC Thread#1"                     [id=13972, stack(0x000000fb9ee00000,0x000000fb9ef00000) (1024K)]
  0x0000022c7dcf07b0 WorkerThread "GC Thread#2"                     [id=41568, stack(0x000000fb9ef00000,0x000000fb9f000000) (1024K)]
  0x0000022c7dff1ad0 WorkerThread "GC Thread#3"                     [id=20588, stack(0x000000fb9f000000,0x000000fb9f100000) (1024K)]
  0x0000022c7dd5dbc0 WorkerThread "GC Thread#4"                     [id=38008, stack(0x000000fb9f100000,0x000000fb9f200000) (1024K)]
  0x0000022c7dd5ea40 WorkerThread "GC Thread#5"                     [id=21336, stack(0x000000fb9f200000,0x000000fb9f300000) (1024K)]
  0x0000022c7dd5df60 WorkerThread "GC Thread#6"                     [id=36964, stack(0x000000fb9f300000,0x000000fb9f400000) (1024K)]
  0x0000022c7dd5d820 WorkerThread "GC Thread#7"                     [id=17052, stack(0x000000fb9f600000,0x000000fb9f700000) (1024K)]
Total: 10

Threads with active compile tasks:
C2 CompilerThread0  20493 4404       4       org.eclipse.core.internal.localstore.RefreshLocalAliasVisitor::createResource (103 bytes)
C1 CompilerThread0  20493 5794       2       org.eclipse.core.internal.resources.MarkerManager$$Lambda/0x0000022c103b77f8::visitElement (19 bytes)
Total: 2

VM state: not at safepoint (normal execution)

VM Mutex/Monitor currently owned by a thread: None

Heap address: 0x0000000080000000, size: 2048 MB, Compressed Oops mode: 32-bit

CDS archive(s) mapped at: [0x0000022c0f000000-0x0000022c0fba0000-0x0000022c0fba0000), size 12189696, SharedBaseAddress: 0x0000022c0f000000, ArchiveRelocationMode: 1.
Compressed class space mapped at: 0x0000022c10000000-0x0000022c50000000, reserved size: 1073741824
Narrow klass base: 0x0000022c0f000000, Narrow klass shift: 0, Narrow klass range: 0x100000000

GC Precious Log:
 CardTable entry size: 512
 CPUs: 8 total, 8 available
 Memory: 8014M
 Large Page Support: Disabled
 NUMA Support: Disabled
 Compressed Oops: Enabled (32-bit)
 Alignments: Space 512K, Generation 512K, Heap 2M
 Heap Min Capacity: 100M
 Heap Initial Capacity: 100M
 Heap Max Capacity: 2G
 Pre-touch: Disabled
 Parallel Workers: 8

Heap:
 PSYoungGen      total 24064K, used 8862K [0x00000000d5580000, 0x00000000d7000000, 0x0000000100000000)
  eden space 21504K, 31% used [0x00000000d5580000,0x00000000d5c1a3e8,0x00000000d6a80000)
  from space 2560K, 82% used [0x00000000d6d80000,0x00000000d6f8d510,0x00000000d7000000)
  to   space 2560K, 0% used [0x00000000d6b00000,0x00000000d6b00000,0x00000000d6d80000)
 ParOldGen       total 68608K, used 36986K [0x0000000080000000, 0x0000000084300000, 0x00000000d5580000)
  object space 68608K, 53% used [0x0000000080000000,0x000000008241ea80,0x0000000084300000)
 Metaspace       used 37845K, committed 38848K, reserved 1114112K
  class space    used 3898K, committed 4288K, reserved 1048576K

Card table byte_map: [0x0000022c73cf0000,0x0000022c74100000] _byte_map_base: 0x0000022c738f0000

Marking Bits: (ParMarkBitMap*) 0x00007ffdc005a340
 Begin Bits: [0x0000022c777e0000, 0x0000022c797e0000)
 End Bits:   [0x0000022c797e0000, 0x0000022c7b7e0000)

Polling page: 0x0000022c72330000

Metaspace:

Usage:
  Non-class:     33.15 MB used.
      Class:      3.81 MB used.
       Both:     36.96 MB used.

Virtual space:
  Non-class space:       64.00 MB reserved,      33.75 MB ( 53%) committed,  1 nodes.
      Class space:        1.00 GB reserved,       4.19 MB ( <1%) committed,  1 nodes.
             Both:        1.06 GB reserved,      37.94 MB (  3%) committed. 

Chunk freelists:
   Non-Class:  14.16 MB
       Class:  11.72 MB
        Both:  25.88 MB

MaxMetaspaceSize: unlimited
CompressedClassSpaceSize: 1.00 GB
Initial GC threshold: 21.00 MB
Current GC threshold: 58.38 MB
CDS: on
 - commit_granule_bytes: 65536.
 - commit_granule_words: 8192.
 - virtual_space_node_default_size: 8388608.
 - enlarge_chunks_in_place: 1.
 - use_allocation_guard: 0.


Internal statistics:

num_allocs_failed_limit: 6.
num_arena_births: 766.
num_arena_deaths: 14.
num_vsnodes_births: 2.
num_vsnodes_deaths: 0.
num_space_committed: 607.
num_space_uncommitted: 0.
num_chunks_returned_to_freelist: 20.
num_chunks_taken_from_freelist: 2322.
num_chunk_merges: 12.
num_chunk_splits: 1480.
num_chunks_enlarged: 922.
num_inconsistent_stats: 0.

CodeHeap 'non-profiled nmethods': size=120000Kb used=2954Kb max_used=2954Kb free=117045Kb
 bounds [0x0000022c07ad0000, 0x0000022c07dc0000, 0x0000022c0f000000]
CodeHeap 'profiled nmethods': size=120000Kb used=10429Kb max_used=10429Kb free=109570Kb
 bounds [0x0000022c00000000, 0x0000022c00a30000, 0x0000022c07530000]
CodeHeap 'non-nmethods': size=5760Kb used=1377Kb max_used=1415Kb free=4383Kb
 bounds [0x0000022c07530000, 0x0000022c077a0000, 0x0000022c07ad0000]
CodeCache: size=245760Kb, used=14760Kb, max_used=14798Kb, free=230998Kb
 total_blobs=6051, nmethods=5372, adapters=585, full_count=0
Compilation: enabled, stopped_count=0, restarted_count=0

Compilation events (20 events):
Event: 20.396 Thread 0x0000022c7bdbdff0 5767       2       org.eclipse.jdt.internal.compiler.util.ObjectVector$1::hasNext (18 bytes)
Event: 20.396 Thread 0x0000022c7bdbdff0 nmethod 5767 0x0000022c00a20610 code [0x0000022c00a207c0, 0x0000022c00a20910]
Event: 20.396 Thread 0x0000022c7bdbdff0 5769   !   2       org.eclipse.jdt.internal.core.PackageFragmentRoot::getSourceModuleDescription (154 bytes)
Event: 20.398 Thread 0x0000022c7bdbdff0 nmethod 5769 0x0000022c00a20a10 code [0x0000022c00a20ce0, 0x0000022c00a21558]
Event: 20.398 Thread 0x0000022c7bdbdff0 5772   !   2       org.eclipse.jdt.internal.core.JrtPackageFragmentRoot::getModule (27 bytes)
Event: 20.398 Thread 0x0000022c7bdbdff0 nmethod 5772 0x0000022c00a21e10 code [0x0000022c00a22000, 0x0000022c00a22318]
Event: 20.399 Thread 0x0000022c7bdbdff0 5776       3       sun.nio.fs.WindowsPath::compareTo (118 bytes)
Event: 20.401 Thread 0x0000022c7bdbdff0 nmethod 5776 0x0000022c00a22590 code [0x0000022c00a228c0, 0x0000022c00a23d08]
Event: 20.401 Thread 0x0000022c7bdbdff0 5777       3       sun.nio.fs.WindowsPath::hashCode (52 bytes)
Event: 20.402 Thread 0x0000022c7bdbdff0 nmethod 5777 0x0000022c00a24590 code [0x0000022c00a247e0, 0x0000022c00a25140]
Event: 20.402 Thread 0x0000022c7bdbdff0 5775       3       java.util.Arrays::hashCode (59 bytes)
Event: 20.402 Thread 0x0000022c7bdbdff0 nmethod 5775 0x0000022c00a25510 code [0x0000022c00a256e0, 0x0000022c00a25968]
Event: 20.403 Thread 0x0000022c7bdbdff0 5774       2       jdk.internal.jrtfs.JrtFileSystem::getPath (102 bytes)
Event: 20.404 Thread 0x0000022c7bdbdff0 nmethod 5774 0x0000022c00a25a90 code [0x0000022c00a25cc0, 0x0000022c00a262a0]
Event: 20.404 Thread 0x0000022c7bdbdff0 5770       2       org.eclipse.jdt.internal.core.PackageFragment::getModularClassFile (9 bytes)
Event: 20.404 Thread 0x0000022c7bdbdff0 nmethod 5770 0x0000022c00a26690 code [0x0000022c00a26840, 0x0000022c00a269f8]
Event: 20.404 Thread 0x0000022c7bdbdff0 5771       2       org.eclipse.jdt.internal.core.ModularClassFile::getModule (39 bytes)
Event: 20.405 Thread 0x0000022c7bdbdff0 nmethod 5771 0x0000022c00a26b10 code [0x0000022c00a26d40, 0x0000022c00a27298]
Event: 20.405 Thread 0x0000022c7bdbdff0 5768       2       org.eclipse.jdt.internal.core.PackageFragmentRoot::getModuleDescription (14 bytes)
Event: 20.405 Thread 0x0000022c7bdbdff0 nmethod 5768 0x0000022c00a27590 code [0x0000022c00a27760, 0x0000022c00a27900]

GC Heap History (20 events):
Event: 18.502 GC heap before
{Heap before GC invocations=21 (full 2):
 PSYoungGen      total 24576K, used 22016K [0x00000000d5580000, 0x00000000d7200000, 0x0000000100000000)
  eden space 22016K, 100% used [0x00000000d5580000,0x00000000d6b00000,0x00000000d6b00000)
  from space 2560K, 0% used [0x00000000d6f80000,0x00000000d6f80000,0x00000000d7200000)
  to   space 3072K, 0% used [0x00000000d6c00000,0x00000000d6c00000,0x00000000d6f00000)
 ParOldGen       total 68608K, used 18703K [0x0000000080000000, 0x0000000084300000, 0x00000000d5580000)
  object space 68608K, 27% used [0x0000000080000000,0x0000000081243ca8,0x0000000084300000)
 Metaspace       used 35343K, committed 36160K, reserved 1114112K
  class space    used 3651K, committed 3968K, reserved 1048576K
}
Event: 18.506 GC heap after
{Heap after GC invocations=21 (full 2):
 PSYoungGen      total 25088K, used 2718K [0x00000000d5580000, 0x00000000d7100000, 0x0000000100000000)
  eden space 22016K, 0% used [0x00000000d5580000,0x00000000d5580000,0x00000000d6b00000)
  from space 3072K, 88% used [0x00000000d6c00000,0x00000000d6ea7908,0x00000000d6f00000)
  to   space 2048K, 0% used [0x00000000d6f00000,0x00000000d6f00000,0x00000000d7100000)
 ParOldGen       total 68608K, used 18711K [0x0000000080000000, 0x0000000084300000, 0x00000000d5580000)
  object space 68608K, 27% used [0x0000000080000000,0x0000000081245ca8,0x0000000084300000)
 Metaspace       used 35343K, committed 36160K, reserved 1114112K
  class space    used 3651K, committed 3968K, reserved 1048576K
}
Event: 18.575 GC heap before
{Heap before GC invocations=22 (full 2):
 PSYoungGen      total 25088K, used 24734K [0x00000000d5580000, 0x00000000d7100000, 0x0000000100000000)
  eden space 22016K, 100% used [0x00000000d5580000,0x00000000d6b00000,0x00000000d6b00000)
  from space 3072K, 88% used [0x00000000d6c00000,0x00000000d6ea7908,0x00000000d6f00000)
  to   space 2048K, 0% used [0x00000000d6f00000,0x00000000d6f00000,0x00000000d7100000)
 ParOldGen       total 68608K, used 18711K [0x0000000080000000, 0x0000000084300000, 0x00000000d5580000)
  object space 68608K, 27% used [0x0000000080000000,0x0000000081245ca8,0x0000000084300000)
 Metaspace       used 35616K, committed 36544K, reserved 1114112K
  class space    used 3675K, committed 4032K, reserved 1048576K
}
Event: 18.579 GC heap after
{Heap after GC invocations=22 (full 2):
 PSYoungGen      total 23552K, used 1440K [0x00000000d5580000, 0x00000000d7080000, 0x0000000100000000)
  eden space 22016K, 0% used [0x00000000d5580000,0x00000000d5580000,0x00000000d6b00000)
  from space 1536K, 93% used [0x00000000d6f00000,0x00000000d7068000,0x00000000d7080000)
  to   space 2048K, 0% used [0x00000000d6c80000,0x00000000d6c80000,0x00000000d6e80000)
 ParOldGen       total 68608K, used 21325K [0x0000000080000000, 0x0000000084300000, 0x00000000d5580000)
  object space 68608K, 31% used [0x0000000080000000,0x00000000814d36c0,0x0000000084300000)
 Metaspace       used 35616K, committed 36544K, reserved 1114112K
  class space    used 3675K, committed 4032K, reserved 1048576K
}
Event: 18.832 GC heap before
{Heap before GC invocations=23 (full 2):
 PSYoungGen      total 23552K, used 23456K [0x00000000d5580000, 0x00000000d7080000, 0x0000000100000000)
  eden space 22016K, 100% used [0x00000000d5580000,0x00000000d6b00000,0x00000000d6b00000)
  from space 1536K, 93% used [0x00000000d6f00000,0x00000000d7068000,0x00000000d7080000)
  to   space 2048K, 0% used [0x00000000d6c80000,0x00000000d6c80000,0x00000000d6e80000)
 ParOldGen       total 68608K, used 21325K [0x0000000080000000, 0x0000000084300000, 0x00000000d5580000)
  object space 68608K, 31% used [0x0000000080000000,0x00000000814d36c0,0x0000000084300000)
 Metaspace       used 36066K, committed 37056K, reserved 1114112K
  class space    used 3734K, committed 4160K, reserved 1048576K
}
Event: 18.838 GC heap after
{Heap after GC invocations=23 (full 2):
 PSYoungGen      total 24064K, used 2016K [0x00000000d5580000, 0x00000000d7300000, 0x0000000100000000)
  eden space 22016K, 0% used [0x00000000d5580000,0x00000000d5580000,0x00000000d6b00000)
  from space 2048K, 98% used [0x00000000d6c80000,0x00000000d6e78030,0x00000000d6e80000)
  to   space 4096K, 0% used [0x00000000d6f00000,0x00000000d6f00000,0x00000000d7300000)
 ParOldGen       total 68608K, used 22893K [0x0000000080000000, 0x0000000084300000, 0x00000000d5580000)
  object space 68608K, 33% used [0x0000000080000000,0x000000008165b7d0,0x0000000084300000)
 Metaspace       used 36066K, committed 37056K, reserved 1114112K
  class space    used 3734K, committed 4160K, reserved 1048576K
}
Event: 19.005 GC heap before
{Heap before GC invocations=24 (full 2):
 PSYoungGen      total 24064K, used 24032K [0x00000000d5580000, 0x00000000d7300000, 0x0000000100000000)
  eden space 22016K, 100% used [0x00000000d5580000,0x00000000d6b00000,0x00000000d6b00000)
  from space 2048K, 98% used [0x00000000d6c80000,0x00000000d6e78030,0x00000000d6e80000)
  to   space 4096K, 0% used [0x00000000d6f00000,0x00000000d6f00000,0x00000000d7300000)
 ParOldGen       total 68608K, used 22893K [0x0000000080000000, 0x0000000084300000, 0x00000000d5580000)
  object space 68608K, 33% used [0x0000000080000000,0x000000008165b7d0,0x0000000084300000)
 Metaspace       used 36071K, committed 37056K, reserved 1114112K
  class space    used 3734K, committed 4160K, reserved 1048576K
}
Event: 19.009 GC heap after
{Heap after GC invocations=24 (full 2):
 PSYoungGen      total 24064K, used 1984K [0x00000000d5580000, 0x00000000d7100000, 0x0000000100000000)
  eden space 22016K, 0% used [0x00000000d5580000,0x00000000d5580000,0x00000000d6b00000)
  from space 2048K, 96% used [0x00000000d6f00000,0x00000000d70f0010,0x00000000d7100000)
  to   space 2560K, 0% used [0x00000000d6c00000,0x00000000d6c00000,0x00000000d6e80000)
 ParOldGen       total 68608K, used 24862K [0x0000000080000000, 0x0000000084300000, 0x00000000d5580000)
  object space 68608K, 36% used [0x0000000080000000,0x0000000081847910,0x0000000084300000)
 Metaspace       used 36071K, committed 37056K, reserved 1114112K
  class space    used 3734K, committed 4160K, reserved 1048576K
}
Event: 19.137 GC heap before
{Heap before GC invocations=25 (full 2):
 PSYoungGen      total 24064K, used 24000K [0x00000000d5580000, 0x00000000d7100000, 0x0000000100000000)
  eden space 22016K, 100% used [0x00000000d5580000,0x00000000d6b00000,0x00000000d6b00000)
  from space 2048K, 96% used [0x00000000d6f00000,0x00000000d70f0010,0x00000000d7100000)
  to   space 2560K, 0% used [0x00000000d6c00000,0x00000000d6c00000,0x00000000d6e80000)
 ParOldGen       total 68608K, used 24862K [0x0000000080000000, 0x0000000084300000, 0x00000000d5580000)
  object space 68608K, 36% used [0x0000000080000000,0x0000000081847910,0x0000000084300000)
 Metaspace       used 36450K, committed 37440K, reserved 1114112K
  class space    used 3795K, committed 4224K, reserved 1048576K
}
Event: 19.141 GC heap after
{Heap after GC invocations=25 (full 2):
 PSYoungGen      total 24576K, used 2530K [0x00000000d5580000, 0x00000000d7500000, 0x0000000100000000)
  eden space 22016K, 0% used [0x00000000d5580000,0x00000000d5580000,0x00000000d6b00000)
  from space 2560K, 98% used [0x00000000d6c00000,0x00000000d6e78840,0x00000000d6e80000)
  to   space 5120K, 0% used [0x00000000d7000000,0x00000000d7000000,0x00000000d7500000)
 ParOldGen       total 68608K, used 26742K [0x0000000080000000, 0x0000000084300000, 0x00000000d5580000)
  object space 68608K, 38% used [0x0000000080000000,0x0000000081a1d910,0x0000000084300000)
 Metaspace       used 36450K, committed 37440K, reserved 1114112K
  class space    used 3795K, committed 4224K, reserved 1048576K
}
Event: 19.244 GC heap before
{Heap before GC invocations=26 (full 2):
 PSYoungGen      total 24576K, used 24546K [0x00000000d5580000, 0x00000000d7500000, 0x0000000100000000)
  eden space 22016K, 100% used [0x00000000d5580000,0x00000000d6b00000,0x00000000d6b00000)
  from space 2560K, 98% used [0x00000000d6c00000,0x00000000d6e78840,0x00000000d6e80000)
  to   space 5120K, 0% used [0x00000000d7000000,0x00000000d7000000,0x00000000d7500000)
 ParOldGen       total 68608K, used 26742K [0x0000000080000000, 0x0000000084300000, 0x00000000d5580000)
  object space 68608K, 38% used [0x0000000080000000,0x0000000081a1d910,0x0000000084300000)
 Metaspace       used 36472K, committed 37440K, reserved 1114112K
  class space    used 3795K, committed 4224K, reserved 1048576K
}
Event: 19.250 GC heap after
{Heap after GC invocations=26 (full 2):
 PSYoungGen      total 24576K, used 2112K [0x00000000d5580000, 0x00000000d7280000, 0x0000000100000000)
  eden space 22016K, 0% used [0x00000000d5580000,0x00000000d5580000,0x00000000d6b00000)
  from space 2560K, 82% used [0x00000000d7000000,0x00000000d7210000,0x00000000d7280000)
  to   space 3072K, 0% used [0x00000000d6c80000,0x00000000d6c80000,0x00000000d6f80000)
 ParOldGen       total 68608K, used 29112K [0x0000000080000000, 0x0000000084300000, 0x00000000d5580000)
  object space 68608K, 42% used [0x0000000080000000,0x0000000081c6e370,0x0000000084300000)
 Metaspace       used 36472K, committed 37440K, reserved 1114112K
  class space    used 3795K, committed 4224K, reserved 1048576K
}
Event: 19.354 GC heap before
{Heap before GC invocations=27 (full 2):
 PSYoungGen      total 24576K, used 24128K [0x00000000d5580000, 0x00000000d7280000, 0x0000000100000000)
  eden space 22016K, 100% used [0x00000000d5580000,0x00000000d6b00000,0x00000000d6b00000)
  from space 2560K, 82% used [0x00000000d7000000,0x00000000d7210000,0x00000000d7280000)
  to   space 3072K, 0% used [0x00000000d6c80000,0x00000000d6c80000,0x00000000d6f80000)
 ParOldGen       total 68608K, used 29112K [0x0000000080000000, 0x0000000084300000, 0x00000000d5580000)
  object space 68608K, 42% used [0x0000000080000000,0x0000000081c6e370,0x0000000084300000)
 Metaspace       used 36478K, committed 37440K, reserved 1114112K
  class space    used 3795K, committed 4224K, reserved 1048576K
}
Event: 19.360 GC heap after
{Heap after GC invocations=27 (full 2):
 PSYoungGen      total 24576K, used 2148K [0x00000000d5580000, 0x00000000d7080000, 0x0000000100000000)
  eden space 22016K, 0% used [0x00000000d5580000,0x00000000d5580000,0x00000000d6b00000)
  from space 2560K, 83% used [0x00000000d6c80000,0x00000000d6e99000,0x00000000d6f00000)
  to   space 1536K, 0% used [0x00000000d6f00000,0x00000000d6f00000,0x00000000d7080000)
 ParOldGen       total 68608K, used 31087K [0x0000000080000000, 0x0000000084300000, 0x00000000d5580000)
  object space 68608K, 45% used [0x0000000080000000,0x0000000081e5bd20,0x0000000084300000)
 Metaspace       used 36478K, committed 37440K, reserved 1114112K
  class space    used 3795K, committed 4224K, reserved 1048576K
}
Event: 19.496 GC heap before
{Heap before GC invocations=28 (full 2):
 PSYoungGen      total 24576K, used 24164K [0x00000000d5580000, 0x00000000d7080000, 0x0000000100000000)
  eden space 22016K, 100% used [0x00000000d5580000,0x00000000d6b00000,0x00000000d6b00000)
  from space 2560K, 83% used [0x00000000d6c80000,0x00000000d6e99000,0x00000000d6f00000)
  to   space 1536K, 0% used [0x00000000d6f00000,0x00000000d6f00000,0x00000000d7080000)
 ParOldGen       total 68608K, used 31087K [0x0000000080000000, 0x0000000084300000, 0x00000000d5580000)
  object space 68608K, 45% used [0x0000000080000000,0x0000000081e5bd20,0x0000000084300000)
 Metaspace       used 36553K, committed 37568K, reserved 1114112K
  class space    used 3798K, committed 4224K, reserved 1048576K
}
Event: 19.503 GC heap after
{Heap after GC invocations=28 (full 2):
 PSYoungGen      total 23040K, used 1536K [0x00000000d5580000, 0x00000000d7400000, 0x0000000100000000)
  eden space 21504K, 0% used [0x00000000d5580000,0x00000000d5580000,0x00000000d6a80000)
  from space 1536K, 100% used [0x00000000d6f00000,0x00000000d7080000,0x00000000d7080000)
  to   space 4608K, 0% used [0x00000000d6a80000,0x00000000d6a80000,0x00000000d6f00000)
 ParOldGen       total 68608K, used 33674K [0x0000000080000000, 0x0000000084300000, 0x00000000d5580000)
  object space 68608K, 49% used [0x0000000080000000,0x00000000820e2880,0x0000000084300000)
 Metaspace       used 36553K, committed 37568K, reserved 1114112K
  class space    used 3798K, committed 4224K, reserved 1048576K
}
Event: 19.634 GC heap before
{Heap before GC invocations=29 (full 2):
 PSYoungGen      total 23040K, used 23040K [0x00000000d5580000, 0x00000000d7400000, 0x0000000100000000)
  eden space 21504K, 100% used [0x00000000d5580000,0x00000000d6a80000,0x00000000d6a80000)
  from space 1536K, 100% used [0x00000000d6f00000,0x00000000d7080000,0x00000000d7080000)
  to   space 4608K, 0% used [0x00000000d6a80000,0x00000000d6a80000,0x00000000d6f00000)
 ParOldGen       total 68608K, used 33674K [0x0000000080000000, 0x0000000084300000, 0x00000000d5580000)
  object space 68608K, 49% used [0x0000000080000000,0x00000000820e2880,0x0000000084300000)
 Metaspace       used 36597K, committed 37568K, reserved 1114112K
  class space    used 3798K, committed 4224K, reserved 1048576K
}
Event: 19.639 GC heap after
{Heap after GC invocations=29 (full 2):
 PSYoungGen      total 23552K, used 1944K [0x00000000d5580000, 0x00000000d7080000, 0x0000000100000000)
  eden space 21504K, 0% used [0x00000000d5580000,0x00000000d5580000,0x00000000d6a80000)
  from space 2048K, 94% used [0x00000000d6a80000,0x00000000d6c66200,0x00000000d6c80000)
  to   space 3072K, 0% used [0x00000000d6d80000,0x00000000d6d80000,0x00000000d7080000)
 ParOldGen       total 68608K, used 35226K [0x0000000080000000, 0x0000000084300000, 0x00000000d5580000)
  object space 68608K, 51% used [0x0000000080000000,0x0000000082266880,0x0000000084300000)
 Metaspace       used 36597K, committed 37568K, reserved 1114112K
  class space    used 3798K, committed 4224K, reserved 1048576K
}
Event: 20.273 GC heap before
{Heap before GC invocations=30 (full 2):
 PSYoungGen      total 23552K, used 23448K [0x00000000d5580000, 0x00000000d7080000, 0x0000000100000000)
  eden space 21504K, 99% used [0x00000000d5580000,0x00000000d6a7fff8,0x00000000d6a80000)
  from space 2048K, 94% used [0x00000000d6a80000,0x00000000d6c66200,0x00000000d6c80000)
  to   space 3072K, 0% used [0x00000000d6d80000,0x00000000d6d80000,0x00000000d7080000)
 ParOldGen       total 68608K, used 35226K [0x0000000080000000, 0x0000000084300000, 0x00000000d5580000)
  object space 68608K, 51% used [0x0000000080000000,0x0000000082266880,0x0000000084300000)
 Metaspace       used 37017K, committed 38016K, reserved 1114112K
  class space    used 3831K, committed 4224K, reserved 1048576K
}
Event: 20.279 GC heap after
{Heap after GC invocations=30 (full 2):
 PSYoungGen      total 24064K, used 2101K [0x00000000d5580000, 0x00000000d7000000, 0x0000000100000000)
  eden space 21504K, 0% used [0x00000000d5580000,0x00000000d5580000,0x00000000d6a80000)
  from space 2560K, 82% used [0x00000000d6d80000,0x00000000d6f8d510,0x00000000d7000000)
  to   space 2560K, 0% used [0x00000000d6b00000,0x00000000d6b00000,0x00000000d6d80000)
 ParOldGen       total 68608K, used 36986K [0x0000000080000000, 0x0000000084300000, 0x00000000d5580000)
  object space 68608K, 53% used [0x0000000080000000,0x000000008241ea80,0x0000000084300000)
 Metaspace       used 37017K, committed 38016K, reserved 1114112K
  class space    used 3831K, committed 4224K, reserved 1048576K
}

Dll operation events (12 events):
Event: 0.986 Loaded shared library c:\Users\CK-2018(5CG10461ML)\.vscode\extensions\redhat.java-1.47.0-win32-x64\jre\21.0.8-win32-x86_64\bin\java.dll
Event: 1.186 Loaded shared library c:\Users\CK-2018(5CG10461ML)\.vscode\extensions\redhat.java-1.47.0-win32-x64\jre\21.0.8-win32-x86_64\bin\zip.dll
Event: 1.222 Loaded shared library C:\Users\CK-2018(5CG10461ML)\.vscode\extensions\redhat.java-1.47.0-win32-x64\jre\21.0.8-win32-x86_64\bin\instrument.dll
Event: 1.373 Loaded shared library C:\Users\CK-2018(5CG10461ML)\.vscode\extensions\redhat.java-1.47.0-win32-x64\jre\21.0.8-win32-x86_64\bin\net.dll
Event: 1.396 Loaded shared library C:\Users\CK-2018(5CG10461ML)\.vscode\extensions\redhat.java-1.47.0-win32-x64\jre\21.0.8-win32-x86_64\bin\nio.dll
Event: 1.403 Loaded shared library C:\Users\CK-2018(5CG10461ML)\.vscode\extensions\redhat.java-1.47.0-win32-x64\jre\21.0.8-win32-x86_64\bin\zip.dll
Event: 1.434 Loaded shared library C:\Users\CK-2018(5CG10461ML)\.vscode\extensions\redhat.java-1.47.0-win32-x64\jre\21.0.8-win32-x86_64\bin\jimage.dll
Event: 1.574 Loaded shared library c:\Users\CK-2018(5CG10461ML)\.vscode\extensions\redhat.java-1.47.0-win32-x64\jre\21.0.8-win32-x86_64\bin\verify.dll
Event: 6.452 Loaded shared library C:\Users\CK-2018(5CG10461ML)\AppData\Roaming\Code\User\globalStorage\redhat.java\1.47.0\config_ss_win\org.eclipse.equinox.launcher\org.eclipse.equinox.launcher.win32.win32.x86_64_1.2.1400.v20250801-0854\eclipse_11916.dll
Event: 8.550 Loaded shared library C:\Users\CK-2018(5CG10461ML)\.vscode\extensions\redhat.java-1.47.0-win32-x64\jre\21.0.8-win32-x86_64\bin\management.dll
Event: 8.576 Loaded shared library C:\Users\CK-2018(5CG10461ML)\.vscode\extensions\redhat.java-1.47.0-win32-x64\jre\21.0.8-win32-x86_64\bin\management_ext.dll
Event: 10.999 Loaded shared library C:\Users\CK-2018(5CG10461ML)\AppData\Local\Temp\jna-642676309\jna15445477741915279499.dll

Deoptimization events (20 events):
Event: 20.298 Thread 0x0000022c7e613430 Uncommon trap: trap_request=0xffffffd6 fr.pc=0x0000022c07dada1c relative=0x000000000000055c
Event: 20.298 Thread 0x0000022c7e613430 Uncommon trap: reason=array_check action=maybe_recompile pc=0x0000022c07dada1c method=org.eclipse.core.internal.events.NodeIDMap.put(JLorg/eclipse/core/runtime/IPath;Lorg/eclipse/core/runtime/IPath;)V @ 113 c2
Event: 20.298 Thread 0x0000022c7e613430 DEOPT PACKING pc=0x0000022c07dada1c sp=0x000000fb9fbfed90
Event: 20.298 Thread 0x0000022c7e613430 DEOPT UNPACKING pc=0x0000022c07583aa2 sp=0x000000fb9fbfec80 mode 2
Event: 20.298 Thread 0x0000022c7e613430 Uncommon trap: trap_request=0xffffffd6 fr.pc=0x0000022c07dada1c relative=0x000000000000055c
Event: 20.298 Thread 0x0000022c7e613430 Uncommon trap: reason=array_check action=maybe_recompile pc=0x0000022c07dada1c method=org.eclipse.core.internal.events.NodeIDMap.put(JLorg/eclipse/core/runtime/IPath;Lorg/eclipse/core/runtime/IPath;)V @ 113 c2
Event: 20.298 Thread 0x0000022c7e613430 DEOPT PACKING pc=0x0000022c07dada1c sp=0x000000fb9fbfed00
Event: 20.298 Thread 0x0000022c7e613430 DEOPT UNPACKING pc=0x0000022c07583aa2 sp=0x000000fb9fbfebf0 mode 2
Event: 20.298 Thread 0x0000022c7e613430 Uncommon trap: trap_request=0xffffffd6 fr.pc=0x0000022c07dada1c relative=0x000000000000055c
Event: 20.298 Thread 0x0000022c7e613430 Uncommon trap: reason=array_check action=maybe_recompile pc=0x0000022c07dada1c method=org.eclipse.core.internal.events.NodeIDMap.put(JLorg/eclipse/core/runtime/IPath;Lorg/eclipse/core/runtime/IPath;)V @ 113 c2
Event: 20.298 Thread 0x0000022c7e613430 DEOPT PACKING pc=0x0000022c07dada1c sp=0x000000fb9fbfec70
Event: 20.298 Thread 0x0000022c7e613430 DEOPT UNPACKING pc=0x0000022c07583aa2 sp=0x000000fb9fbfeb60 mode 2
Event: 20.298 Thread 0x0000022c7e613430 Uncommon trap: trap_request=0xffffffd6 fr.pc=0x0000022c07dada1c relative=0x000000000000055c
Event: 20.298 Thread 0x0000022c7e613430 Uncommon trap: reason=array_check action=maybe_recompile pc=0x0000022c07dada1c method=org.eclipse.core.internal.events.NodeIDMap.put(JLorg/eclipse/core/runtime/IPath;Lorg/eclipse/core/runtime/IPath;)V @ 113 c2
Event: 20.298 Thread 0x0000022c7e613430 DEOPT PACKING pc=0x0000022c07dada1c sp=0x000000fb9fbfebe0
Event: 20.298 Thread 0x0000022c7e613430 DEOPT UNPACKING pc=0x0000022c07583aa2 sp=0x000000fb9fbfead0 mode 2
Event: 20.398 Thread 0x0000022c7e613430 DEOPT PACKING pc=0x0000022c0092f2b0 sp=0x000000fb9fbfdb00
Event: 20.398 Thread 0x0000022c7e613430 DEOPT UNPACKING pc=0x0000022c07584242 sp=0x000000fb9fbfcfe8 mode 0
Event: 20.399 Thread 0x0000022c7e613430 DEOPT PACKING pc=0x0000022c009202e8 sp=0x000000fb9fbfdb40
Event: 20.399 Thread 0x0000022c7e613430 DEOPT UNPACKING pc=0x0000022c07584242 sp=0x000000fb9fbfd050 mode 0

Classes loaded (20 events):
Event: 18.700 Loading class java/lang/invoke/MethodHandleImpl$Makers$3
Event: 18.700 Loading class java/lang/invoke/MethodHandleImpl$Makers$3 done
Event: 18.706 Loading class java/lang/runtime/ObjectMethods$1
Event: 18.706 Loading class java/lang/runtime/ObjectMethods$1 done
Event: 19.035 Loading class java/lang/invoke/MethodHandleImpl$CountingWrapper
Event: 19.036 Loading class java/lang/invoke/MethodHandleImpl$CountingWrapper done
Event: 19.059 Loading class java/nio/channels/Channels$ReadableByteChannelImpl
Event: 19.059 Loading class java/nio/channels/Channels$ReadableByteChannelImpl done
Event: 19.060 Loading class java/nio/channels/NonWritableChannelException
Event: 19.060 Loading class java/nio/channels/NonWritableChannelException done
Event: 19.444 Loading class java/lang/invoke/MethodHandleImpl$CountingWrapper$1
Event: 19.444 Loading class java/lang/invoke/MethodHandleImpl$CountingWrapper$1 done
Event: 19.683 Loading class sun/nio/cs/ThreadLocalCoders
Event: 19.683 Loading class sun/nio/cs/ThreadLocalCoders done
Event: 19.684 Loading class sun/nio/cs/ThreadLocalCoders$1
Event: 19.684 Loading class sun/nio/cs/ThreadLocalCoders$Cache
Event: 19.684 Loading class sun/nio/cs/ThreadLocalCoders$Cache done
Event: 19.684 Loading class sun/nio/cs/ThreadLocalCoders$1 done
Event: 19.684 Loading class sun/nio/cs/ThreadLocalCoders$2
Event: 19.684 Loading class sun/nio/cs/ThreadLocalCoders$2 done

Classes unloaded (7 events):
Event: 9.687 Thread 0x0000022c720ee9d0 Unloading class 0x0000022c10191400 'java/lang/invoke/LambdaForm$MH+0x0000022c10191400'
Event: 9.687 Thread 0x0000022c720ee9d0 Unloading class 0x0000022c10191000 'java/lang/invoke/LambdaForm$MH+0x0000022c10191000'
Event: 9.687 Thread 0x0000022c720ee9d0 Unloading class 0x0000022c10190c00 'java/lang/invoke/LambdaForm$MH+0x0000022c10190c00'
Event: 9.687 Thread 0x0000022c720ee9d0 Unloading class 0x0000022c10190800 'java/lang/invoke/LambdaForm$MH+0x0000022c10190800'
Event: 9.687 Thread 0x0000022c720ee9d0 Unloading class 0x0000022c10190400 'java/lang/invoke/LambdaForm$BMH+0x0000022c10190400'
Event: 9.687 Thread 0x0000022c720ee9d0 Unloading class 0x0000022c10190000 'java/lang/invoke/LambdaForm$DMH+0x0000022c10190000'
Event: 9.687 Thread 0x0000022c720ee9d0 Unloading class 0x0000022c1018ec00 'java/lang/invoke/LambdaForm$DMH+0x0000022c1018ec00'

Classes redefined (0 events):
No events

Internal exceptions (20 events):
Event: 18.709 Thread 0x0000022c7eccb1a0 Exception <a 'java/lang/NoSuchMethodError'{0x00000000d614d278}: 'int java.lang.invoke.DirectMethodHandle$Holder.invokeStaticInit(java.lang.Object, double, double)'> (0x00000000d614d278) 
thrown [s\src\hotspot\share\interpreter\linkResolver.cpp, line 773]
Event: 18.710 Thread 0x0000022c7eccb1a0 Exception <a 'java/lang/NoSuchMethodError'{0x00000000d6151a90}: 'int java.lang.invoke.DirectMethodHandle$Holder.invokeStatic(java.lang.Object, long)'> (0x00000000d6151a90) 
thrown [s\src\hotspot\share\interpreter\linkResolver.cpp, line 773]
Event: 18.714 Thread 0x0000022c7eccb830 Exception <a 'java/lang/NoSuchMethodError'{0x00000000d61c0e10}: 'int java.lang.invoke.Invokers$Holder.linkToTargetMethod(java.lang.Object, java.lang.Object)'> (0x00000000d61c0e10) 
thrown [s\src\hotspot\share\interpreter\linkResolver.cpp, line 773]
Event: 18.715 Thread 0x0000022c7eccb1a0 Exception <a 'java/lang/NoSuchMethodError'{0x00000000d6187340}: 'int java.lang.invoke.Invokers$Holder.linkToTargetMethod(java.lang.Object, java.lang.Object)'> (0x00000000d6187340) 
thrown [s\src\hotspot\share\interpreter\linkResolver.cpp, line 773]
Event: 18.808 Thread 0x0000022c7e613430 Exception <a 'java/lang/NoSuchMethodError'{0x00000000d69139f0}: 'java.lang.Object java.lang.invoke.DirectMethodHandle$Holder.newInvokeSpecial(java.lang.Object, java.lang.Object, java.lang.Object, java.lang.Object, java.lang.Object, java.lang.Object, java.lang.Object, java.lang.Object)'> (0x00000000d69139f0) 
thrown [s\src\hotspot\share\interpreter\linkResolver.cpp, line 773]
Event: 19.034 Thread 0x0000022c7eccb1a0 Exception <a 'java/lang/NoSuchMethodError'{0x00000000d58e3070}: 'java.lang.Object java.lang.invoke.DirectMethodHandle$Holder.invokeStatic(java.lang.Object, int, java.lang.Object, java.lang.Object)'> (0x00000000d58e3070) 
thrown [s\src\hotspot\share\interpreter\linkResolver.cpp, line 773]
Event: 19.035 Thread 0x0000022c7eccb1a0 Exception <a 'java/lang/NoSuchMethodError'{0x00000000d58e6b20}: 'java.lang.Object java.lang.invoke.DelegatingMethodHandle$Holder.delegate(java.lang.Object, int, java.lang.Object, java.lang.Object)'> (0x00000000d58e6b20) 
thrown [s\src\hotspot\share\interpreter\linkResolver.cpp, line 773]
Event: 19.039 Thread 0x0000022c7eccb1a0 Exception <a 'java/lang/NoSuchMethodError'{0x00000000d58faa10}: 'int java.lang.invoke.Invokers$Holder.linkToTargetMethod(java.lang.Object, java.lang.Object, java.lang.Object)'> (0x00000000d58faa10) 
thrown [s\src\hotspot\share\interpreter\linkResolver.cpp, line 773]
Event: 19.681 Thread 0x0000022c7eccb1a0 Implicit null exception at 0x0000022c07bc7c91 to 0x0000022c07bc8a58
Event: 20.021 Thread 0x0000022c7eccb830 Implicit null exception at 0x0000022c07d3a403 to 0x0000022c07d3a438
Event: 20.040 Thread 0x0000022c7eccb1a0 Exception <a 'java/lang/IncompatibleClassChangeError'{0x00000000d63c3b78}: Found class java.lang.Object, but interface was expected> (0x00000000d63c3b78) 
thrown [s\src\hotspot\share\interpreter\linkResolver.cpp, line 840]
Event: 20.073 Thread 0x0000022c7eccb830 Exception <a 'sun/nio/fs/WindowsException'{0x00000000d681aef8}> (0x00000000d681aef8) 
thrown [s\src\hotspot\share\prims\jni.cpp, line 520]
Event: 20.117 Thread 0x0000022c7eccb1a0 Exception <a 'java/lang/IncompatibleClassChangeError'{0x00000000d63d36c0}: Found class java.lang.Object, but interface was expected> (0x00000000d63d36c0) 
thrown [s\src\hotspot\share\interpreter\linkResolver.cpp, line 840]
Event: 20.151 Thread 0x0000022c7eccb830 Exception <a 'sun/nio/fs/WindowsException'{0x00000000d69567a0}> (0x00000000d69567a0) 
thrown [s\src\hotspot\share\prims\jni.cpp, line 520]
Event: 20.152 Thread 0x0000022c7eccb830 Implicit null exception at 0x0000022c07dac400 to 0x0000022c07dac948
Event: 20.155 Thread 0x0000022c7e613430 Exception <a 'java/lang/NoSuchMethodError'{0x00000000d6990980}: 'java.lang.Object java.lang.invoke.DirectMethodHandle$Holder.invokeSpecial(java.lang.Object, java.lang.Object, int, long)'> (0x00000000d6990980) 
thrown [s\src\hotspot\share\interpreter\linkResolver.cpp, line 773]
Event: 20.350 Thread 0x0000022c7e613430 Exception <a 'java/lang/NoSuchMethodError'{0x00000000d576a830}: 'int java.lang.invoke.DirectMethodHandle$Holder.invokeStatic(java.lang.Object)'> (0x00000000d576a830) 
thrown [s\src\hotspot\share\interpreter\linkResolver.cpp, line 773]
Event: 20.380 Thread 0x0000022c7e613430 Exception <a 'java/io/FileNotFoundException'{0x00000000d57e66b8}> (0x00000000d57e66b8) 
thrown [s\src\hotspot\share\prims\jni.cpp, line 520]
Event: 20.381 Thread 0x0000022c7e613430 Exception <a 'java/io/FileNotFoundException'{0x00000000d57e79d8}> (0x00000000d57e79d8) 
thrown [s\src\hotspot\share\prims\jni.cpp, line 520]
Event: 20.381 Thread 0x0000022c7e613430 Exception <a 'java/io/FileNotFoundException'{0x00000000d57e8cc0}> (0x00000000d57e8cc0) 
thrown [s\src\hotspot\share\prims\jni.cpp, line 520]

ZGC Phase Switch (0 events):
No events

VM Operations (20 events):
Event: 18.832 Executing VM operation: ParallelGCFailedAllocation (Allocation Failure)
Event: 18.839 Executing VM operation: ParallelGCFailedAllocation (Allocation Failure) done
Event: 19.005 Executing VM operation: ParallelGCFailedAllocation (Allocation Failure)
Event: 19.009 Executing VM operation: ParallelGCFailedAllocation (Allocation Failure) done
Event: 19.137 Executing VM operation: ParallelGCFailedAllocation (Allocation Failure)
Event: 19.141 Executing VM operation: ParallelGCFailedAllocation (Allocation Failure) done
Event: 19.244 Executing VM operation: ParallelGCFailedAllocation (Allocation Failure)
Event: 19.250 Executing VM operation: ParallelGCFailedAllocation (Allocation Failure) done
Event: 19.354 Executing VM operation: ParallelGCFailedAllocation (Allocation Failure)
Event: 19.360 Executing VM operation: ParallelGCFailedAllocation (Allocation Failure) done
Event: 19.496 Executing VM operation: ParallelGCFailedAllocation (Allocation Failure)
Event: 19.503 Executing VM operation: ParallelGCFailedAllocation (Allocation Failure) done
Event: 19.633 Executing VM operation: ParallelGCFailedAllocation (Allocation Failure)
Event: 19.639 Executing VM operation: ParallelGCFailedAllocation (Allocation Failure) done
Event: 20.060 Executing VM operation: ICBufferFull
Event: 20.060 Executing VM operation: ICBufferFull done
Event: 20.273 Executing VM operation: ParallelGCFailedAllocation (Allocation Failure)
Event: 20.279 Executing VM operation: ParallelGCFailedAllocation (Allocation Failure) done
Event: 20.358 Executing VM operation: HandshakeAllThreads (Deoptimize)
Event: 20.359 Executing VM operation: HandshakeAllThreads (Deoptimize) done

Memory protections (0 events):
No events

Nmethod flushes (20 events):
Event: 18.350 Thread 0x0000022c720ee9d0 flushing  nmethod 0x0000022c00428810
Event: 18.350 Thread 0x0000022c720ee9d0 flushing  nmethod 0x0000022c0043fb90
Event: 18.350 Thread 0x0000022c720ee9d0 flushing  nmethod 0x0000022c00440890
Event: 18.350 Thread 0x0000022c720ee9d0 flushing  nmethod 0x0000022c00440c90
Event: 18.350 Thread 0x0000022c720ee9d0 flushing  nmethod 0x0000022c00466290
Event: 18.350 Thread 0x0000022c720ee9d0 flushing  nmethod 0x0000022c00466c90
Event: 18.350 Thread 0x0000022c720ee9d0 flushing  nmethod 0x0000022c0046d610
Event: 18.350 Thread 0x0000022c720ee9d0 flushing  nmethod 0x0000022c004a0410
Event: 18.350 Thread 0x0000022c720ee9d0 flushing  nmethod 0x0000022c004a0c90
Event: 18.350 Thread 0x0000022c720ee9d0 flushing  nmethod 0x0000022c004a1090
Event: 18.350 Thread 0x0000022c720ee9d0 flushing  nmethod 0x0000022c004a8310
Event: 18.350 Thread 0x0000022c720ee9d0 flushing  nmethod 0x0000022c004a9610
Event: 18.350 Thread 0x0000022c720ee9d0 flushing  nmethod 0x0000022c004abc90
Event: 18.350 Thread 0x0000022c720ee9d0 flushing  nmethod 0x0000022c004b0190
Event: 18.350 Thread 0x0000022c720ee9d0 flushing  nmethod 0x0000022c004b0690
Event: 18.350 Thread 0x0000022c720ee9d0 flushing  nmethod 0x0000022c004b3090
Event: 18.350 Thread 0x0000022c720ee9d0 flushing  nmethod 0x0000022c004b4690
Event: 18.350 Thread 0x0000022c720ee9d0 flushing  nmethod 0x0000022c004b9e90
Event: 18.350 Thread 0x0000022c720ee9d0 flushing  nmethod 0x0000022c004bb510
Event: 18.350 Thread 0x0000022c720ee9d0 flushing  nmethod 0x0000022c004d5610

Events (20 events):
Event: 12.498 Thread 0x0000022c542b4ea0 Thread exited: 0x0000022c542b4ea0
Event: 12.520 Thread 0x0000022c7eccb1a0 Thread added: 0x0000022c7ecc83b0
Event: 12.522 Thread 0x0000022c7eccb1a0 Thread added: 0x0000022c7eccb830
Event: 12.524 Thread 0x0000022c7eccb1a0 Thread added: 0x0000022c7ecc8a40
Event: 12.525 Thread 0x0000022c7eccb1a0 Thread added: 0x0000022c7ecc9df0
Event: 12.737 Thread 0x0000022c7eccb830 Thread exited: 0x0000022c7eccb830
Event: 12.737 Thread 0x0000022c7ecc8a40 Thread exited: 0x0000022c7ecc8a40
Event: 12.741 Thread 0x0000022c7ecc83b0 Thread exited: 0x0000022c7ecc83b0
Event: 12.742 Thread 0x0000022c7ecc9df0 Thread exited: 0x0000022c7ecc9df0
Event: 12.850 Thread 0x0000022c7bdbdff0 Thread added: 0x0000022c551e7820
Event: 13.026 Thread 0x0000022c7eccb1a0 Thread added: 0x0000022c7eccb830
Event: 13.031 Thread 0x0000022c7eccb1a0 Thread added: 0x0000022c7eccd900
Event: 14.685 Thread 0x0000022c551e7820 Thread exited: 0x0000022c551e7820
Event: 18.259 Thread 0x0000022c7dbdb9e0 Thread added: 0x0000022c7eccc550
Event: 18.642 Thread 0x0000022c7e613430 Thread added: 0x0000022c7eccbec0
Event: 18.652 Thread 0x0000022c7eccbec0 Thread added: 0x0000022c7ecc9760
Event: 18.653 Thread 0x0000022c7ecc9760 Thread exited: 0x0000022c7ecc9760
Event: 18.654 Thread 0x0000022c7eccbec0 Thread exited: 0x0000022c7eccbec0
Event: 20.131 Thread 0x0000022c7eccb1a0 Thread added: 0x0000022c7ecc7d20
Event: 20.138 Thread 0x0000022c7e613430 Thread added: 0x0000022c7ecc9df0


Dynamic libraries:
0x00007ff73ab80000 - 0x00007ff73ab8e000 	c:\Users\CK-2018(5CG10461ML)\.vscode\extensions\redhat.java-1.47.0-win32-x64\jre\21.0.8-win32-x86_64\bin\java.exe
0x00007ffe30950000 - 0x00007ffe30b48000 	C:\windows\SYSTEM32\ntdll.dll
0x00007ffe2b260000 - 0x00007ffe2b280000 	C:\Program Files\Avast Software\Avast\aswhook.dll
0x00007ffe2efa0000 - 0x00007ffe2f05f000 	C:\windows\System32\KERNEL32.DLL
0x00007ffe2e230000 - 0x00007ffe2e526000 	C:\windows\System32\KERNELBASE.dll
0x00007ffe2b430000 - 0x00007ffe2b4c1000 	C:\windows\SYSTEM32\apphelp.dll
0x00007ffe2e650000 - 0x00007ffe2e750000 	C:\windows\System32\ucrtbase.dll
0x00007ffe25960000 - 0x00007ffe25978000 	c:\Users\CK-2018(5CG10461ML)\.vscode\extensions\redhat.java-1.47.0-win32-x64\jre\21.0.8-win32-x86_64\bin\jli.dll
0x00007ffe2fc90000 - 0x00007ffe2fe2d000 	C:\windows\System32\USER32.dll
0x00007ffe2e8e0000 - 0x00007ffe2e902000 	C:\windows\System32\win32u.dll
0x00007ffe2fc60000 - 0x00007ffe2fc8c000 	C:\windows\System32\GDI32.dll
0x00007ffe2e530000 - 0x00007ffe2e645000 	C:\windows\System32\gdi32full.dll
0x00007ffe2e190000 - 0x00007ffe2e22d000 	C:\windows\System32\msvcp_win.dll
0x00007ffe15620000 - 0x00007ffe158ba000 	C:\windows\WinSxS\amd64_microsoft.windows.common-controls_6595b64144ccf1df_6.0.19041.1110_none_60b5254171f9507e\COMCTL32.dll
0x00007ffe2f780000 - 0x00007ffe2f81e000 	C:\windows\System32\msvcrt.dll
0x00007ffe250e0000 - 0x00007ffe250fe000 	c:\Users\CK-2018(5CG10461ML)\.vscode\extensions\redhat.java-1.47.0-win32-x64\jre\21.0.8-win32-x86_64\bin\VCRUNTIME140.dll
0x00007ffe2fc30000 - 0x00007ffe2fc60000 	C:\windows\System32\IMM32.DLL
0x00007ffe298e0000 - 0x00007ffe298ec000 	c:\Users\CK-2018(5CG10461ML)\.vscode\extensions\redhat.java-1.47.0-win32-x64\jre\21.0.8-win32-x86_64\bin\vcruntime140_1.dll
0x00007ffde9420000 - 0x00007ffde94ad000 	c:\Users\CK-2018(5CG10461ML)\.vscode\extensions\redhat.java-1.47.0-win32-x64\jre\21.0.8-win32-x86_64\bin\msvcp140.dll
0x00007ffdbf3a0000 - 0x00007ffdc0137000 	c:\Users\CK-2018(5CG10461ML)\.vscode\extensions\redhat.java-1.47.0-win32-x64\jre\21.0.8-win32-x86_64\bin\server\jvm.dll
0x00007ffe2eae0000 - 0x00007ffe2eb8f000 	C:\windows\System32\ADVAPI32.dll
0x00007ffe2f820000 - 0x00007ffe2f8bc000 	C:\windows\System32\sechost.dll
0x00007ffe2fa60000 - 0x00007ffe2fb86000 	C:\windows\System32\RPCRT4.dll
0x00007ffe2f060000 - 0x00007ffe2f0cb000 	C:\windows\System32\WS2_32.dll
0x00007ffe2dea0000 - 0x00007ffe2deeb000 	C:\windows\SYSTEM32\POWRPROF.dll
0x00007ffe0b870000 - 0x00007ffe0b897000 	C:\windows\SYSTEM32\WINMM.dll
0x00007ffe25890000 - 0x00007ffe2589a000 	C:\windows\SYSTEM32\VERSION.dll
0x00007ffe2ddd0000 - 0x00007ffe2dde2000 	C:\windows\SYSTEM32\UMPDC.dll
0x00007ffe2c830000 - 0x00007ffe2c842000 	C:\windows\SYSTEM32\kernel.appcore.dll
0x00007ffe27130000 - 0x00007ffe2713a000 	c:\Users\CK-2018(5CG10461ML)\.vscode\extensions\redhat.java-1.47.0-win32-x64\jre\21.0.8-win32-x86_64\bin\jimage.dll
0x00007ffe2bc40000 - 0x00007ffe2be24000 	C:\windows\SYSTEM32\DBGHELP.DLL
0x00007ffe1e550000 - 0x00007ffe1e584000 	C:\windows\SYSTEM32\dbgcore.DLL
0x00007ffe2e750000 - 0x00007ffe2e7d2000 	C:\windows\System32\bcryptPrimitives.dll
0x00007ffe27110000 - 0x00007ffe2711f000 	c:\Users\CK-2018(5CG10461ML)\.vscode\extensions\redhat.java-1.47.0-win32-x64\jre\21.0.8-win32-x86_64\bin\instrument.dll
0x00007ffe250c0000 - 0x00007ffe250df000 	c:\Users\CK-2018(5CG10461ML)\.vscode\extensions\redhat.java-1.47.0-win32-x64\jre\21.0.8-win32-x86_64\bin\java.dll
0x00007ffe2fe30000 - 0x00007ffe30574000 	C:\windows\System32\SHELL32.dll
0x00007ffe2c080000 - 0x00007ffe2c813000 	C:\windows\SYSTEM32\windows.storage.dll
0x00007ffe2eb90000 - 0x00007ffe2eee4000 	C:\windows\System32\combase.dll
0x00007ffe2d9a0000 - 0x00007ffe2d9ce000 	C:\windows\SYSTEM32\Wldp.dll
0x00007ffe2eef0000 - 0x00007ffe2ef9d000 	C:\windows\System32\SHCORE.dll
0x00007ffe2f9a0000 - 0x00007ffe2f9f5000 	C:\windows\System32\shlwapi.dll
0x00007ffe2df70000 - 0x00007ffe2df8f000 	C:\windows\SYSTEM32\profapi.dll
0x00007ffe250a0000 - 0x00007ffe250b8000 	c:\Users\CK-2018(5CG10461ML)\.vscode\extensions\redhat.java-1.47.0-win32-x64\jre\21.0.8-win32-x86_64\bin\zip.dll
0x00007ffe270e0000 - 0x00007ffe270f0000 	C:\Users\CK-2018(5CG10461ML)\.vscode\extensions\redhat.java-1.47.0-win32-x64\jre\21.0.8-win32-x86_64\bin\net.dll
0x00007ffe24510000 - 0x00007ffe2461a000 	C:\windows\SYSTEM32\WINHTTP.dll
0x00007ffe2d6e0000 - 0x00007ffe2d74a000 	C:\windows\system32\mswsock.dll
0x00007ffe1de80000 - 0x00007ffe1de96000 	C:\Users\CK-2018(5CG10461ML)\.vscode\extensions\redhat.java-1.47.0-win32-x64\jre\21.0.8-win32-x86_64\bin\nio.dll
0x00007ffe25090000 - 0x00007ffe250a0000 	c:\Users\CK-2018(5CG10461ML)\.vscode\extensions\redhat.java-1.47.0-win32-x64\jre\21.0.8-win32-x86_64\bin\verify.dll
0x00007ffde0c10000 - 0x00007ffde0c54000 	C:\Users\CK-2018(5CG10461ML)\AppData\Roaming\Code\User\globalStorage\redhat.java\1.47.0\config_ss_win\org.eclipse.equinox.launcher\org.eclipse.equinox.launcher.win32.win32.x86_64_1.2.1400.v20250801-0854\eclipse_11916.dll
0x00007ffe2f1e0000 - 0x00007ffe2f30a000 	C:\windows\System32\ole32.dll
0x00007ffe1d970000 - 0x00007ffe1d97a000 	C:\Users\CK-2018(5CG10461ML)\.vscode\extensions\redhat.java-1.47.0-win32-x64\jre\21.0.8-win32-x86_64\bin\management.dll
0x00007ffe1d3f0000 - 0x00007ffe1d3fb000 	C:\Users\CK-2018(5CG10461ML)\.vscode\extensions\redhat.java-1.47.0-win32-x64\jre\21.0.8-win32-x86_64\bin\management_ext.dll
0x00007ffe2f1c0000 - 0x00007ffe2f1c8000 	C:\windows\System32\PSAPI.DLL
0x00007ffe2d900000 - 0x00007ffe2d918000 	C:\windows\SYSTEM32\CRYPTSP.dll
0x00007ffe2cfe0000 - 0x00007ffe2d014000 	C:\windows\system32\rsaenh.dll
0x00007ffe2e910000 - 0x00007ffe2e937000 	C:\windows\System32\bcrypt.dll
0x00007ffe2df30000 - 0x00007ffe2df5e000 	C:\windows\SYSTEM32\USERENV.dll
0x00007ffe2d8f0000 - 0x00007ffe2d8fc000 	C:\windows\SYSTEM32\CRYPTBASE.dll
0x00007ffe2d3c0000 - 0x00007ffe2d3fc000 	C:\windows\SYSTEM32\IPHLPAPI.DLL
0x00007ffe2e9b0000 - 0x00007ffe2e9b8000 	C:\windows\System32\NSI.dll
0x00007ffdde960000 - 0x00007ffdde9a9000 	C:\Users\CK-2018(5CG10461ML)\AppData\Local\Temp\jna-642676309\jna15445477741915279499.dll
0x00007ffe25170000 - 0x00007ffe25187000 	C:\windows\SYSTEM32\dhcpcsvc6.DLL
0x00007ffe249d0000 - 0x00007ffe249ed000 	C:\windows\SYSTEM32\dhcpcsvc.DLL

JVMTI agents:
c:\Users\CK-2018(5CG10461ML)\.vscode\extensions\redhat.java-1.47.0-win32-x64\lombok\lombok-1.18.39-4050.jar path:c:\Users\CK-2018(5CG10461ML)\.vscode\extensions\redhat.java-1.47.0-win32-x64\jre\21.0.8-win32-x86_64\bin\instrument.dll, loaded, initialized, instrumentlib options:none

dbghelp: loaded successfully - version: 4.0.5 - missing functions: none
symbol engine: initialized successfully - sym options: 0x614 - pdb path: .;c:\Users\CK-2018(5CG10461ML)\.vscode\extensions\redhat.java-1.47.0-win32-x64\jre\21.0.8-win32-x86_64\bin;C:\windows\SYSTEM32;C:\Program Files\Avast Software\Avast;C:\windows\WinSxS\amd64_microsoft.windows.common-controls_6595b64144ccf1df_6.0.19041.1110_none_60b5254171f9507e;c:\Users\CK-2018(5CG10461ML)\.vscode\extensions\redhat.java-1.47.0-win32-x64\jre\21.0.8-win32-x86_64\bin\server;C:\Users\CK-2018(5CG10461ML)\AppData\Roaming\Code\User\globalStorage\redhat.java\1.47.0\config_ss_win\org.eclipse.equinox.launcher\org.eclipse.equinox.launcher.win32.win32.x86_64_1.2.1400.v20250801-0854;C:\Users\CK-2018(5CG10461ML)\AppData\Local\Temp\jna-642676309

VM Arguments:
jvm_args: --add-modules=ALL-SYSTEM --add-opens=java.base/java.util=ALL-UNNAMED --add-opens=java.base/java.lang=ALL-UNNAMED --add-opens=java.base/sun.nio.fs=ALL-UNNAMED -Declipse.application=org.eclipse.jdt.ls.core.id1 -Dosgi.bundles.defaultStartLevel=4 -Declipse.product=org.eclipse.jdt.ls.core.product -Djava.import.generatesMetadataFilesAtProjectRoot=false -DDetectVMInstallationsJob.disabled=true -Dfile.encoding=utf8 -XX:+UseParallelGC -XX:GCTimeRatio=4 -XX:AdaptiveSizePolicyWeight=90 -Dsun.zip.disableMemoryMapping=true -Xmx2G -Xms100m -Xlog:disable -javaagent:c:\Users\CK-2018(5CG10461ML)\.vscode\extensions\redhat.java-1.47.0-win32-x64\lombok\lombok-1.18.39-4050.jar 
java_command: c:\Users\CK-2018(5CG10461ML)\.vscode\extensions\redhat.java-1.47.0-win32-x64\server\plugins\org.eclipse.equinox.launcher_1.7.100.v20251014-1222.jar -configuration c:\Users\CK-2018(5CG10461ML)\AppData\Roaming\Code\User\globalStorage\redhat.java\1.47.0\config_ss_win -data c:\Users\CK-2018(5CG10461ML)\AppData\Roaming\Code\User\workspaceStorage\48edd4482cddc8e33c2859454edb14ff\redhat.java\ss_ws --pipe=\\.\pipe\lsp-47acd61d136b3d00e17421471c2fe0a9-sock
java_class_path (initial): c:\Users\CK-2018(5CG10461ML)\.vscode\extensions\redhat.java-1.47.0-win32-x64\server\plugins\org.eclipse.equinox.launcher_1.7.100.v20251014-1222.jar
Launcher Type: SUN_STANDARD

[Global flags]
    uintx AdaptiveSizePolicyWeight                 = 90                                        {product} {command line}
     intx CICompilerCount                          = 4                                         {product} {ergonomic}
    uintx GCTimeRatio                              = 4                                         {product} {command line}
   size_t InitialHeapSize                          = 104857600                                 {product} {command line}
   size_t MaxHeapSize                              = 2147483648                                {product} {command line}
   size_t MaxNewSize                               = 715653120                                 {product} {ergonomic}
   size_t MinHeapDeltaBytes                        = 524288                                    {product} {ergonomic}
   size_t MinHeapSize                              = 104857600                                 {product} {command line}
   size_t NewSize                                  = 34603008                                  {product} {ergonomic}
    uintx NonNMethodCodeHeapSize                   = 5839372                                {pd product} {ergonomic}
    uintx NonProfiledCodeHeapSize                  = 122909434                              {pd product} {ergonomic}
   size_t OldSize                                  = 70254592                                  {product} {ergonomic}
    uintx ProfiledCodeHeapSize                     = 122909434                              {pd product} {ergonomic}
    uintx ReservedCodeCacheSize                    = 251658240                              {pd product} {ergonomic}
     bool SegmentedCodeCache                       = true                                      {product} {ergonomic}
   size_t SoftMaxHeapSize                          = 2147483648                             {manageable} {ergonomic}
     bool UseCompressedOops                        = true                           {product lp64_product} {ergonomic}
     bool UseLargePagesIndividualAllocation        = false                                  {pd product} {ergonomic}
     bool UseParallelGC                            = true                                      {product} {command line}

Logging:
Log output configuration:
 #0: stdout all=off uptime,level,tags foldmultilines=false
 #1: stderr all=off uptime,level,tags foldmultilines=false

Environment Variables:
JAVA_HOME=C:\Program Files\Eclipse Adoptium\jdk-21.0.2.13-hotspot
PATH=C:\Program Files\Eclipse Adoptium\jdk-21.0.2.13-hotspot\bin;C:\oracle\product\10.2.0\db_1\bin;C:\Program Files\Java\jdk-18.0.1.1;C:\Program Files\Common Files\Oracle\Java\javapath;C:\Program Files (x86)\VMware\VMware Workstation\bin\;C:\ProgramData\Oracle\Java\javapath;C:\Program Files (x86)\Common Files\Oracle\Java\javapath;C:\Program Files\Java\jdk1.8.0_101\bin;C:\Users\CK-2018(5CG10461ML)\Downloads\cmder\vendor\git-for-windows\mingw64\bin;C:\Program Files\MATLAB\R2021a\bin;C:\Program Files\Java\jdk-18.0.1.1\bin;C:\Program Files\Microsoft SQL Server\Client SDK\ODBC\170\Tools\Binn\;C:\Program Files (x86)\Microsoft SQL Server\150\Tools\Binn\;C:\Program Files\Microsoft SQL Server\150\Tools\Binn\;C:\Program Files\Microsoft SQL Server\150\DTS\Binn\;C:\Program Files (x86)\Microsoft SQL Server\160\DTS\Binn\;C:\Program Files\Azure Data Studio\bin;C:\Program Files\MySQL\MySQL Server 8.0\bin;C:\ProgramData\chocolatey\bin;C:\Program Files\nodejs\;C:\Program Files (x86)\Microsoft SQL Server\110\Tools\Binn\;C:\Program Files (x86)\Microsoft SQL Server\110\DTS\Binn\;C:\Program Files (x86)\Microsoft SQL Server\110\Tools\Binn\ManagementStudio\;C:\Program Files\Git\cmd;C:\Program Files\Docker\Docker\resources\bin;C:\Users\CK-2018\OneDrive\Desktop\apache-maven-3.9.9\bin;C:\Program Files\MongoDB\Server\8.0\bin;C:\ProgramData\chocolatey\lib\maven\apache-maven-3.9.11\bin;C:\Windows\System32\WindowsPowerShell\v1.0;C:\Program Files\MySQL\MySQL Shell 8.0\bin\;D:\Python\Scripts\;D:\Python\;C:\Users\CK-2018(5CG10461ML)\AppData\Local\Programs\Python\Python37-32\Scripts\;C:\Users\CK-2018(5CG10461ML)\AppData\Local\Programs\Python\Python37-32\;C:\Users\CK-2018(5CG10461ML)\AppData\Local\Programs\Python\Python37\Scripts\;C:\Users\CK-2018(5CG10461ML)\AppData\Local\Programs\Python\Python37\;C:\Program Files\Java\jdk1.8.0_101\bin;C:\Users\CK-2018(5CG10461ML)\AppData\Local\Programs\Microsoft VS Code\bin;C:\Program Files\JetBrains\PyCharm Community Edition 2021.1.1\bin;;C:\Users\CK-2018(5CG10461ML)\AppData\Local\Programs\Python\Python37-32;C:\Users\CK-2018(5CG10461ML)\AppData\Local\Programs\Python\Python37-32\Scripts\;C:\Program Files\Azure Data Studio\bin;C:\Users\CK-2018(5CG10461ML)\AppData\Roaming\npm;C:\Windows\System32\WindowsPowerShell\v1.0;
USERNAME=CK-2018(5CG10461ML)
TMPDIR=C:\Users\Public\Documents\Wondershare\CreatorTemp
OS=Windows_NT
PROCESSOR_IDENTIFIER=Intel64 Family 6 Model 142 Stepping 12, GenuineIntel
TMP=C:\Users\CK-201~1\AppData\Local\Temp
TEMP=C:\Users\CK-201~1\AppData\Local\Temp




Periodic native trim disabled

---------------  S Y S T E M  ---------------

OS:
 Windows 10 , 64 bit Build 19041 (10.0.19041.3031)
OS uptime: 20 days 20:54 hours
Hyper-V role detected

CPU: total 8 (initial active 8) (4 cores per cpu, 2 threads per core) family 6 model 142 stepping 12 microcode 0xde, cx8, cmov, fxsr, ht, mmx, 3dnowpref, sse, sse2, sse3, ssse3, sse4.1, sse4.2, popcnt, lzcnt, tsc, tscinvbit, avx, avx2, aes, erms, clmul, bmi1, bmi2, adx, fma, vzeroupper, clflush, clflushopt, hv, rdtscp, f16c
Processor Information for the first 8 processors :
  Max Mhz: 2112, Current Mhz: 1609, Mhz Limit: 1605

Memory: 4k page, system-wide physical 8014M (353M free)
TotalPageFile size 20514M (AvailPageFile size 19M)
current process WorkingSet (physical memory assigned to process): 198M, peak: 198M
current process commit charge ("private bytes"): 300M, peak: 307M

vm_info: OpenJDK 64-Bit Server VM (21.0.8+9-LTS) for windows-amd64 JRE (21.0.8+9-LTS), built on 2025-07-15T00:00:00Z by "admin" with MS VC++ 17.7 (VS2022)

END.
