#
# There is insufficient memory for the Java Runtime Environment to continue.
# Native memory allocation (malloc) failed to allocate 1856816 bytes. Error detail: Chunk::new
# Possible reasons:
#   The system is out of physical RAM or swap space
#   This process is running with CompressedOops enabled, and the Java Heap may be blocking the growth of the native heap
# Possible solutions:
#   Reduce memory load on the system
#   Increase physical memory or swap space
#   Check if swap backing store is full
#   Decrease Java heap size (-Xmx/-Xms)
#   Decrease number of Java threads
#   Decrease Java thread stack sizes (-Xss)
#   Set larger code cache with -XX:ReservedCodeCacheSize=
#   JVM is running with Unscaled Compressed Oops mode in which the Java heap is
#     placed in the first 4GB address space. The Java Heap base address is the
#     maximum limit for the native heap growth. Please use -XX:HeapBaseMinAddress
#     to set the Java Heap base and to place the Java Heap above 4GB virtual address.
# This output file may be truncated or incomplete.
#
#  Out of Memory Error (arena.cpp:168), pid=32944, tid=3764
#
# JRE version: OpenJDK Runtime Environment Temurin-21.0.8+9 (21.0.8+9) (build 21.0.8+9-LTS)
# Java VM: OpenJDK 64-Bit Server VM Temurin-21.0.8+9 (21.0.8+9-LTS, mixed mode, sharing, tiered, compressed oops, compressed class ptrs, parallel gc, windows-amd64)
# No core dump will be written. Minidumps are not enabled by default on client versions of Windows
#

---------------  S U M M A R Y ------------

Command Line: --add-modules=ALL-SYSTEM --add-opens=java.base/java.util=ALL-UNNAMED --add-opens=java.base/java.lang=ALL-UNNAMED --add-opens=java.base/sun.nio.fs=ALL-UNNAMED -Declipse.application=org.eclipse.jdt.ls.core.id1 -Dosgi.bundles.defaultStartLevel=4 -Declipse.product=org.eclipse.jdt.ls.core.product -Djava.import.generatesMetadataFilesAtProjectRoot=false -DDetectVMInstallationsJob.disabled=true -Dfile.encoding=utf8 -XX:+UseParallelGC -XX:GCTimeRatio=4 -XX:AdaptiveSizePolicyWeight=90 -Dsun.zip.disableMemoryMapping=true -Xmx2G -Xms100m -Xlog:disable -javaagent:c:\Users\CK-2018(5CG10461ML)\.vscode\extensions\redhat.java-1.47.0-win32-x64\lombok\lombok-1.18.39-4050.jar -XX:+HeapDumpOnOutOfMemoryError -XX:HeapDumpPath=c:\Users\CK-2018(5CG10461ML)\AppData\Roaming\Code\User\workspaceStorage\48edd4482cddc8e33c2859454edb14ff\redhat.java -Daether.dependencyCollector.impl=bf c:\Users\CK-2018(5CG10461ML)\.vscode\extensions\redhat.java-1.47.0-win32-x64\server\plugins\org.eclipse.equinox.launcher_1.7.100.v20251014-1222.jar -configuration c:\Users\CK-2018(5CG10461ML)\AppData\Roaming\Code\User\globalStorage\redhat.java\1.47.0\config_win -data c:\Users\CK-2018(5CG10461ML)\AppData\Roaming\Code\User\workspaceStorage\48edd4482cddc8e33c2859454edb14ff\redhat.java\jdt_ws --pipe=\\.\pipe\lsp-afecbd2a4ea55f1591384f76fb740bef-sock

Host: Intel(R) Core(TM) i5-10210U CPU @ 1.60GHz, 8 cores, 7G,  Windows 10 , 64 bit Build 19041 (10.0.19041.3031)
Time: Wed Nov 12 22:21:56 2025 US Mountain Standard Time elapsed time: 36.008832 seconds (0d 0h 0m 36s)

---------------  T H R E A D  ---------------

Current thread (0x000002240c4fbb60):  JavaThread "C2 CompilerThread1" daemon [_thread_in_native, id=3764, stack(0x0000009737a00000,0x0000009737b00000) (1024K)]


Current CompileTask:
C2:36009 14239   !   4       org.eclipse.jdt.internal.core.search.indexing.BinaryIndexer::indexDocument (1172 bytes)

Stack: [0x0000009737a00000,0x0000009737b00000]
Native frames: (J=compiled Java code, j=interpreted, Vv=VM code, C=native code)
V  [jvm.dll+0x6d2449]
V  [jvm.dll+0x8ae341]
V  [jvm.dll+0x8b08be]
V  [jvm.dll+0x8b0fa3]
V  [jvm.dll+0x280c96]
V  [jvm.dll+0xc581d]
V  [jvm.dll+0xc5d53]
V  [jvm.dll+0x3b9162]
V  [jvm.dll+0x385315]
V  [jvm.dll+0x38477a]
V  [jvm.dll+0x248ed0]
V  [jvm.dll+0x2484af]
V  [jvm.dll+0x1c89ee]
V  [jvm.dll+0x257d4d]
V  [jvm.dll+0x2562ea]
V  [jvm.dll+0x3f2d16]
V  [jvm.dll+0x857e6b]
V  [jvm.dll+0x6d0b0d]
C  [ucrtbase.dll+0x21bb2]
C  [KERNEL32.DLL+0x17614]
C  [ntdll.dll+0x526f1]


---------------  P R O C E S S  ---------------

Threads class SMR info:
_java_thread_list=0x000002240d2476f0, length=70, elements={
0x00000223ab3f09d0, 0x00000223ab4abfb0, 0x00000223ab4ad610, 0x00000223c1e54250,
0x00000223c1e57090, 0x00000223c1e59cb0, 0x00000223c1e5e620, 0x00000223c1e61e80,
0x00000223c1e633e0, 0x00000223ab461a60, 0x0000022404aa55b0, 0x00000224097f9440,
0x0000022409501b50, 0x00000224094f0470, 0x00000224094f3840, 0x0000022409b7f800,
0x00000224097816d0, 0x0000022409ad90f0, 0x000002240a1274b0, 0x000002240a31b100,
0x000002240a3196c0, 0x000002240a31be20, 0x000002240a319d50, 0x000002240a31a3e0,
0x000002240a31c4b0, 0x000002240a31aa70, 0x000002240a31cb40, 0x000002240a31b790,
0x000002240a496430, 0x000002240a495da0, 0x000002240a495080, 0x000002240a492fb0,
0x000002240a496ac0, 0x000002240a4977e0, 0x000002240a4998b0, 0x000002240a495710,
0x000002240a497e70, 0x000002240a498500, 0x000002240c4fbb60, 0x000002240a499f40,
0x000002240a494360, 0x000002240a4949f0, 0x000002240bd53670, 0x000002240bd4e7b0,
0x000002240bd52fe0, 0x000002240bd4e120, 0x000002240bd4da90, 0x000002240bd53d00,
0x000002240bd4ee40, 0x000002240bd4cd70, 0x000002240bd51c30, 0x000002240bd522c0,
0x000002240bd54390, 0x000002240bd501f0, 0x000002240bd50880, 0x000002240bd52950,
0x000002240bd4d400, 0x000002240bd4f4d0, 0x000002240bd515a0, 0x000002240bd50f10,
0x000002240bd4fb60, 0x000002240afed090, 0x000002240afeca00, 0x000002240afed720,
0x000002240afea2a0, 0x000002240afe8ef0, 0x000002240afec370, 0x000002240afebce0,
0x000002240afe9580, 0x000002240afee440
}

Java Threads: ( => current thread )
  0x00000223ab3f09d0 JavaThread "main"                              [_thread_blocked, id=28440, stack(0x0000009735900000,0x0000009735a00000) (1024K)]
  0x00000223ab4abfb0 JavaThread "Reference Handler"          daemon [_thread_blocked, id=14780, stack(0x0000009735d00000,0x0000009735e00000) (1024K)]
  0x00000223ab4ad610 JavaThread "Finalizer"                  daemon [_thread_blocked, id=7468, stack(0x0000009735e00000,0x0000009735f00000) (1024K)]
  0x00000223c1e54250 JavaThread "Signal Dispatcher"          daemon [_thread_blocked, id=23580, stack(0x0000009735f00000,0x0000009736000000) (1024K)]
  0x00000223c1e57090 JavaThread "Attach Listener"            daemon [_thread_blocked, id=39552, stack(0x0000009736000000,0x0000009736100000) (1024K)]
  0x00000223c1e59cb0 JavaThread "Service Thread"             daemon [_thread_blocked, id=18948, stack(0x0000009736100000,0x0000009736200000) (1024K)]
  0x00000223c1e5e620 JavaThread "Monitor Deflation Thread"   daemon [_thread_blocked, id=42212, stack(0x0000009736200000,0x0000009736300000) (1024K)]
  0x00000223c1e61e80 JavaThread "C2 CompilerThread0"         daemon [_thread_blocked, id=19108, stack(0x0000009736300000,0x0000009736400000) (1024K)]
  0x00000223c1e633e0 JavaThread "C1 CompilerThread0"         daemon [_thread_blocked, id=37492, stack(0x0000009736400000,0x0000009736500000) (1024K)]
  0x00000223ab461a60 JavaThread "Common-Cleaner"             daemon [_thread_blocked, id=19140, stack(0x0000009736500000,0x0000009736600000) (1024K)]
  0x0000022404aa55b0 JavaThread "Notification Thread"        daemon [_thread_blocked, id=20632, stack(0x0000009736700000,0x0000009736800000) (1024K)]
  0x00000224097f9440 JavaThread "Active Thread: Equinox Container: 9f99a780-7144-476d-acc4-4e812e62dc53"        [_thread_blocked, id=23820, stack(0x0000009736800000,0x0000009736900000) (1024K)]
  0x0000022409501b50 JavaThread "Refresh Thread: Equinox Container: 9f99a780-7144-476d-acc4-4e812e62dc53" daemon [_thread_blocked, id=2088, stack(0x0000009737000000,0x0000009737100000) (1024K)]
  0x00000224094f0470 JavaThread "Framework Event Dispatcher: Equinox Container: 9f99a780-7144-476d-acc4-4e812e62dc53" daemon [_thread_blocked, id=38076, stack(0x0000009737100000,0x0000009737200000) (1024K)]
  0x00000224094f3840 JavaThread "Start Level: Equinox Container: 9f99a780-7144-476d-acc4-4e812e62dc53" daemon [_thread_blocked, id=30268, stack(0x0000009737200000,0x0000009737300000) (1024K)]
  0x0000022409b7f800 JavaThread "Bundle File Closer"         daemon [_thread_blocked, id=35028, stack(0x0000009737300000,0x0000009737400000) (1024K)]
  0x00000224097816d0 JavaThread "SCR Component Actor"        daemon [_thread_blocked, id=42108, stack(0x0000009737400000,0x0000009737500000) (1024K)]
  0x0000022409ad90f0 JavaThread "Worker-JM"                         [_thread_blocked, id=11176, stack(0x0000009737500000,0x0000009737600000) (1024K)]
  0x000002240a1274b0 JavaThread "Worker-0"                          [_thread_blocked, id=31100, stack(0x0000009736600000,0x0000009736700000) (1024K)]
  0x000002240a31b100 JavaThread "Worker-1"                          [_thread_blocked, id=40484, stack(0x0000009737600000,0x0000009737700000) (1024K)]
  0x000002240a3196c0 JavaThread "Worker-2"                          [_thread_blocked, id=41364, stack(0x0000009737700000,0x0000009737800000) (1024K)]
  0x000002240a31be20 JavaThread "Worker-3: Check JDK Index"         [_thread_blocked, id=37908, stack(0x0000009737800000,0x0000009737900000) (1024K)]
  0x000002240a319d50 JavaThread "Java indexing"              daemon [_thread_blocked, id=26744, stack(0x0000009737900000,0x0000009737a00000) (1024K)]
  0x000002240a31a3e0 JavaThread "JNA Cleaner"                daemon [_thread_blocked, id=31124, stack(0x0000009737b00000,0x0000009737c00000) (1024K)]
  0x000002240a31c4b0 JavaThread "Worker-4"                          [_thread_blocked, id=28716, stack(0x0000009737c00000,0x0000009737d00000) (1024K)]
  0x000002240a31aa70 JavaThread "Worker-5: Update project foddiesapi"        [_thread_blocked, id=40808, stack(0x0000009737d00000,0x0000009737e00000) (1024K)]
  0x000002240a31cb40 JavaThread "Thread-1"                   daemon [_thread_in_native, id=2720, stack(0x0000009737e00000,0x0000009737f00000) (1024K)]
  0x000002240a31b790 JavaThread "Thread-2"                   daemon [_thread_in_native, id=16980, stack(0x0000009737f00000,0x0000009738000000) (1024K)]
  0x000002240a496430 JavaThread "Thread-3"                   daemon [_thread_in_native, id=35988, stack(0x0000009738000000,0x0000009738100000) (1024K)]
  0x000002240a495da0 JavaThread "Thread-4"                   daemon [_thread_in_native, id=23204, stack(0x0000009738100000,0x0000009738200000) (1024K)]
  0x000002240a495080 JavaThread "Thread-5"                   daemon [_thread_in_native, id=36408, stack(0x0000009738200000,0x0000009738300000) (1024K)]
  0x000002240a492fb0 JavaThread "Thread-6"                   daemon [_thread_in_native, id=36156, stack(0x0000009738300000,0x0000009738400000) (1024K)]
  0x000002240a496ac0 JavaThread "Thread-7"                   daemon [_thread_in_native, id=27764, stack(0x0000009738400000,0x0000009738500000) (1024K)]
  0x000002240a4977e0 JavaThread "Thread-8"                   daemon [_thread_in_native, id=29636, stack(0x0000009738500000,0x0000009738600000) (1024K)]
  0x000002240a4998b0 JavaThread "Thread-9"                   daemon [_thread_in_native, id=3716, stack(0x0000009738600000,0x0000009738700000) (1024K)]
  0x000002240a495710 JavaThread "pool-2-thread-1"                   [_thread_blocked, id=11940, stack(0x0000009738700000,0x0000009738800000) (1024K)]
  0x000002240a497e70 JavaThread "WorkspaceEventsHandler"            [_thread_blocked, id=27460, stack(0x0000009738900000,0x0000009738a00000) (1024K)]
  0x000002240a498500 JavaThread "pool-1-thread-1"                   [_thread_blocked, id=13724, stack(0x0000009738a00000,0x0000009738b00000) (1024K)]
=>0x000002240c4fbb60 JavaThread "C2 CompilerThread1"         daemon [_thread_in_native, id=3764, stack(0x0000009737a00000,0x0000009737b00000) (1024K)]
  0x000002240a499f40 JavaThread "ForkJoinPool.commonPool-worker-1" daemon [_thread_blocked, id=38436, stack(0x0000009738c00000,0x0000009738d00000) (1024K)]
  0x000002240a494360 JavaThread "LocalFile Deleter"          daemon [_thread_blocked, id=34540, stack(0x0000009738d00000,0x0000009738e00000) (1024K)]
  0x000002240a4949f0 JavaThread "LocalFile Deleter"          daemon [_thread_blocked, id=42296, stack(0x0000009738e00000,0x0000009738f00000) (1024K)]
  0x000002240bd53670 JavaThread "LocalFile Deleter"          daemon [_thread_blocked, id=24208, stack(0x0000009738f00000,0x0000009739000000) (1024K)]
  0x000002240bd4e7b0 JavaThread "LocalFile Deleter"          daemon [_thread_blocked, id=26348, stack(0x0000009739000000,0x0000009739100000) (1024K)]
  0x000002240bd52fe0 JavaThread "LocalFile Deleter"          daemon [_thread_blocked, id=12836, stack(0x0000009739100000,0x0000009739200000) (1024K)]
  0x000002240bd4e120 JavaThread "LocalFile Deleter"          daemon [_thread_blocked, id=35184, stack(0x0000009739200000,0x0000009739300000) (1024K)]
  0x000002240bd4da90 JavaThread "LocalFile Deleter"          daemon [_thread_blocked, id=3496, stack(0x0000009739300000,0x0000009739400000) (1024K)]
  0x000002240bd53d00 JavaThread "LocalFile Deleter"          daemon [_thread_blocked, id=36128, stack(0x0000009739400000,0x0000009739500000) (1024K)]
  0x000002240bd4ee40 JavaThread "Compiler Source File Reader" daemon [_thread_blocked, id=16816, stack(0x0000009739500000,0x0000009739600000) (1024K)]
  0x000002240bd4cd70 JavaThread "Compiler Source File Reader" daemon [_thread_blocked, id=6776, stack(0x0000009739600000,0x0000009739700000) (1024K)]
  0x000002240bd51c30 JavaThread "Compiler Source File Reader" daemon [_thread_blocked, id=23048, stack(0x0000009739700000,0x0000009739800000) (1024K)]
  0x000002240bd522c0 JavaThread "Compiler Source File Reader" daemon [_thread_blocked, id=39536, stack(0x0000009739800000,0x0000009739900000) (1024K)]
  0x000002240bd54390 JavaThread "Compiler Source File Reader" daemon [_thread_blocked, id=34884, stack(0x0000009739900000,0x0000009739a00000) (1024K)]
  0x000002240bd501f0 JavaThread "Compiler Source File Reader" daemon [_thread_blocked, id=15984, stack(0x0000009739a00000,0x0000009739b00000) (1024K)]
  0x000002240bd50880 JavaThread "Worker-6"                          [_thread_blocked, id=19068, stack(0x0000009739b00000,0x0000009739c00000) (1024K)]
  0x000002240bd52950 JavaThread "Compiler Processing Task"   daemon [_thread_blocked, id=37036, stack(0x0000009739c00000,0x0000009739d00000) (1024K)]
  0x000002240bd4d400 JavaThread "Compiler Class File Writer" daemon [_thread_blocked, id=18684, stack(0x0000009739d00000,0x0000009739e00000) (1024K)]
  0x000002240bd4f4d0 JavaThread "Compiler Class File Writer" daemon [_thread_blocked, id=13316, stack(0x0000009739e00000,0x0000009739f00000) (1024K)]
  0x000002240bd515a0 JavaThread "Compiler Class File Writer" daemon [_thread_blocked, id=39032, stack(0x0000009739f00000,0x000000973a000000) (1024K)]
  0x000002240bd50f10 JavaThread "Compiler Class File Writer" daemon [_thread_blocked, id=42568, stack(0x000000973a000000,0x000000973a100000) (1024K)]
  0x000002240bd4fb60 JavaThread "Compiler Class File Writer" daemon [_thread_blocked, id=26580, stack(0x000000973a100000,0x000000973a200000) (1024K)]
  0x000002240afed090 JavaThread "Compiler Class File Writer" daemon [_thread_blocked, id=41232, stack(0x000000973a200000,0x000000973a300000) (1024K)]
  0x000002240afeca00 JavaThread "Worker-7: Java indexing... "        [_thread_blocked, id=11784, stack(0x000000973a300000,0x000000973a400000) (1024K)]
  0x000002240afed720 JavaThread "ForkJoinPool.commonPool-worker-2" daemon [_thread_blocked, id=23328, stack(0x000000973a400000,0x000000973a500000) (1024K)]
  0x000002240afea2a0 JavaThread "ForkJoinPool.commonPool-worker-3" daemon [_thread_blocked, id=25668, stack(0x000000973a500000,0x000000973a600000) (1024K)]
  0x000002240afe8ef0 JavaThread "ForkJoinPool.commonPool-worker-4" daemon [_thread_blocked, id=37016, stack(0x000000973a600000,0x000000973a700000) (1024K)]
  0x000002240afec370 JavaThread "ForkJoinPool.commonPool-worker-5" daemon [_thread_blocked, id=9648, stack(0x000000973a700000,0x000000973a800000) (1024K)]
  0x000002240afebce0 JavaThread "ForkJoinPool.commonPool-worker-6" daemon [_thread_blocked, id=7072, stack(0x000000973a800000,0x000000973a900000) (1024K)]
  0x000002240afe9580 JavaThread "ForkJoinPool.commonPool-worker-7" daemon [_thread_blocked, id=37776, stack(0x000000973a900000,0x000000973aa00000) (1024K)]
  0x000002240afee440 JavaThread "Cleaner-0"                  daemon [_thread_blocked, id=24776, stack(0x0000009738b00000,0x0000009738c00000) (1024K)]
Total: 70

Other Threads:
  0x00000223ab492a90 VMThread "VM Thread"                           [id=23364, stack(0x0000009735c00000,0x0000009735d00000) (1024K)]
  0x00000223ab4603f0 WatcherThread "VM Periodic Task Thread"        [id=35800, stack(0x0000009735b00000,0x0000009735c00000) (1024K)]
  0x00000223ab410df0 WorkerThread "GC Thread#0"                     [id=39440, stack(0x0000009735a00000,0x0000009735b00000) (1024K)]
  0x0000022409519020 WorkerThread "GC Thread#1"                     [id=37724, stack(0x0000009736900000,0x0000009736a00000) (1024K)]
  0x00000224095193c0 WorkerThread "GC Thread#2"                     [id=23228, stack(0x0000009736a00000,0x0000009736b00000) (1024K)]
  0x000002240942a9b0 WorkerThread "GC Thread#3"                     [id=39424, stack(0x0000009736b00000,0x0000009736c00000) (1024K)]
  0x000002240942ad50 WorkerThread "GC Thread#4"                     [id=35912, stack(0x0000009736c00000,0x0000009736d00000) (1024K)]
  0x0000022409031780 WorkerThread "GC Thread#5"                     [id=33444, stack(0x0000009736d00000,0x0000009736e00000) (1024K)]
  0x0000022409031b20 WorkerThread "GC Thread#6"                     [id=15232, stack(0x0000009736e00000,0x0000009736f00000) (1024K)]
  0x0000022409500240 WorkerThread "GC Thread#7"                     [id=15088, stack(0x0000009736f00000,0x0000009737000000) (1024K)]
Total: 10

Threads with active compile tasks:
C2 CompilerThread0  36118 13308       4       java.net.URI$Parser::checkChar (14 bytes)
C2 CompilerThread1  36118 14239   !   4       org.eclipse.jdt.internal.core.search.indexing.BinaryIndexer::indexDocument (1172 bytes)
Total: 2

VM state: at safepoint (normal execution)

VM Mutex/Monitor currently owned by a thread:  ([mutex/lock_event])
[0x00007ffdc0055458] Threads_lock - owner thread: 0x00000223ab492a90
[0x00007ffdc0055558] Heap_lock - owner thread: 0x000002240a319d50

Heap address: 0x0000000080000000, size: 2048 MB, Compressed Oops mode: 32-bit

CDS archive(s) mapped at: [0x00000223c2000000-0x00000223c2ba0000-0x00000223c2ba0000), size 12189696, SharedBaseAddress: 0x00000223c2000000, ArchiveRelocationMode: 1.
Compressed class space mapped at: 0x00000223c3000000-0x0000022403000000, reserved size: 1073741824
Narrow klass base: 0x00000223c2000000, Narrow klass shift: 0, Narrow klass range: 0x100000000

GC Precious Log:
 CardTable entry size: 512
 CPUs: 8 total, 8 available
 Memory: 8014M
 Large Page Support: Disabled
 NUMA Support: Disabled
 Compressed Oops: Enabled (32-bit)
 Alignments: Space 512K, Generation 512K, Heap 2M
 Heap Min Capacity: 100M
 Heap Initial Capacity: 100M
 Heap Max Capacity: 2G
 Pre-touch: Disabled
 Parallel Workers: 8

Heap:
 PSYoungGen      total 3584K, used 3202K [0x00000000d5580000, 0x00000000d5a00000, 0x0000000100000000)
  eden space 2560K, 100% used [0x00000000d5580000,0x00000000d5800000,0x00000000d5800000)
  from space 1024K, 62% used [0x00000000d5800000,0x00000000d58a0900,0x00000000d5900000)
  to   space 1024K, 64% used [0x00000000d5900000,0x00000000d59a5740,0x00000000d5a00000)
 ParOldGen       total 205824K, used 205481K [0x0000000080000000, 0x000000008c900000, 0x00000000d5580000)
  object space 205824K, 99% used [0x0000000080000000,0x000000008c8aa570,0x000000008c900000)
 Metaspace       used 76566K, committed 78336K, reserved 1179648K
  class space    used 8141K, committed 8896K, reserved 1048576K

Card table byte_map: [0x00000223aad90000,0x00000223ab1a0000] _byte_map_base: 0x00000223aa990000

Marking Bits: (ParMarkBitMap*) 0x00007ffdc005a340
 Begin Bits: [0x00000223bd890000, 0x00000223bf890000)
 End Bits:   [0x00000223bf890000, 0x00000223c1890000)

Polling page: 0x00000223a9460000

Metaspace:

Usage:
  Non-class:     66.82 MB used.
      Class:      7.95 MB used.
       Both:     74.77 MB used.

Virtual space:
  Non-class space:      128.00 MB reserved,      67.81 MB ( 53%) committed,  2 nodes.
      Class space:        1.00 GB reserved,       8.69 MB ( <1%) committed,  1 nodes.
             Both:        1.12 GB reserved,      76.50 MB (  7%) committed. 

Chunk freelists:
   Non-Class:  11.81 MB
       Class:  7.32 MB
        Both:  19.14 MB

MaxMetaspaceSize: unlimited
CompressedClassSpaceSize: 1.00 GB
Initial GC threshold: 21.00 MB
Current GC threshold: 97.31 MB
CDS: on
 - commit_granule_bytes: 65536.
 - commit_granule_words: 8192.
 - virtual_space_node_default_size: 8388608.
 - enlarge_chunks_in_place: 1.
 - use_allocation_guard: 0.


Internal statistics:

num_allocs_failed_limit: 9.
num_arena_births: 1362.
num_arena_deaths: 14.
num_vsnodes_births: 3.
num_vsnodes_deaths: 0.
num_space_committed: 1224.
num_space_uncommitted: 0.
num_chunks_returned_to_freelist: 23.
num_chunks_taken_from_freelist: 4942.
num_chunk_merges: 8.
num_chunk_splits: 2933.
num_chunks_enlarged: 1608.
num_inconsistent_stats: 0.

CodeHeap 'non-profiled nmethods': size=120000Kb used=8648Kb max_used=8648Kb free=111351Kb
 bounds [0x00000223b60b0000, 0x00000223b6930000, 0x00000223bd5e0000]
CodeHeap 'profiled nmethods': size=120000Kb used=29907Kb max_used=29907Kb free=90092Kb
 bounds [0x00000223ae5e0000, 0x00000223b0320000, 0x00000223b5b10000]
CodeHeap 'non-nmethods': size=5760Kb used=1497Kb max_used=1604Kb free=4262Kb
 bounds [0x00000223b5b10000, 0x00000223b5d80000, 0x00000223b60b0000]
CodeCache: size=245760Kb, used=40052Kb, max_used=40159Kb, free=205705Kb
 total_blobs=14306, nmethods=13489, adapters=721, full_count=0
Compilation: enabled, stopped_count=0, restarted_count=0

Compilation events (20 events):
Event: 35.975 Thread 0x00000223c1e633e0 14258       2       org.eclipse.m2e.jdt.internal.MavenClasspathContainerSaveHelper$LibraryEntryReplace::<init> (65 bytes)
Event: 35.976 Thread 0x00000223c1e633e0 nmethod 14258 0x00000223b0310210 code [0x00000223b03103e0, 0x00000223b0310718]
Event: 35.976 Thread 0x00000223c1e633e0 14259       3       java.io.ObjectOutputStream$BlockDataOutputStream::writeShort (47 bytes)
Event: 35.978 Thread 0x00000223c1e633e0 nmethod 14259 0x00000223b0310910 code [0x00000223b0310ba0, 0x00000223b03118b0]
Event: 35.979 Thread 0x00000223c1e633e0 14260   !   2       java.io.ObjectOutputStream::writeArray (589 bytes)
Event: 35.980 Thread 0x00000223c1e633e0 nmethod 14260 0x00000223b0311d90 code [0x00000223b0312120, 0x00000223b0312de0]
Event: 35.981 Thread 0x00000223c1e633e0 14261       3       java.io.ObjectOutputStream$BlockDataOutputStream::writeUTF (46 bytes)
Event: 35.981 Thread 0x00000223c1e633e0 nmethod 14261 0x00000223b0313790 code [0x00000223b03139a0, 0x00000223b0313e08]
Event: 35.982 Thread 0x00000223c1e61e80 nmethod 14242 0x00000223b691dc10 code [0x00000223b691ddc0, 0x00000223b691e0c0]
Event: 35.982 Thread 0x00000223c1e61e80 14081       4       org.codehaus.plexus.interpolation.AbstractDelegatingValueSource::getValue (13 bytes)
Event: 35.982 Thread 0x00000223c1e633e0 14262       2       org.eclipse.core.runtime.Status::matches (13 bytes)
Event: 35.983 Thread 0x00000223c1e633e0 nmethod 14262 0x00000223b0314010 code [0x00000223b03141c0, 0x00000223b0314308]
Event: 35.984 Thread 0x00000223c1e61e80 nmethod 14081 0x00000223b691e290 code [0x00000223b691e440, 0x00000223b691e5a8]
Event: 35.984 Thread 0x00000223c1e61e80 14076       4       org.apache.maven.model.merge.ModelMerger::mergePlugin_Extensions (43 bytes)
Event: 35.986 Thread 0x00000223c1e61e80 nmethod 14076 0x00000223b691e790 code [0x00000223b691e940, 0x00000223b691eae0]
Event: 35.986 Thread 0x00000223c1e61e80 14068       4       org.apache.maven.model.merge.ModelMerger::mergePlugin_Dependencies (26 bytes)
Event: 35.991 Thread 0x00000223c1e633e0 14263       2       org.eclipse.sisu.inject.MildElements::<init> (26 bytes)
Event: 35.991 Thread 0x00000223c1e633e0 nmethod 14263 0x00000223b0314390 code [0x00000223b0314540, 0x00000223b0314868]
Event: 35.991 Thread 0x00000223c1e633e0 14264       2       org.eclipse.sisu.inject.MildValues::put (38 bytes)
Event: 35.992 Thread 0x00000223c1e633e0 nmethod 14264 0x00000223b0314a10 code [0x00000223b0314c00, 0x00000223b0314e60]

GC Heap History (20 events):
Event: 35.750 GC heap before
{Heap before GC invocations=274 (full 3):
 PSYoungGen      total 3584K, used 3356K [0x00000000d5580000, 0x00000000d5a00000, 0x0000000100000000)
  eden space 2560K, 100% used [0x00000000d5580000,0x00000000d5800000,0x00000000d5800000)
  from space 1024K, 77% used [0x00000000d5900000,0x00000000d59c7068,0x00000000d5a00000)
  to   space 1024K, 0% used [0x00000000d5800000,0x00000000d5800000,0x00000000d5900000)
 ParOldGen       total 199168K, used 199134K [0x0000000080000000, 0x000000008c280000, 0x00000000d5580000)
  object space 199168K, 99% used [0x0000000080000000,0x000000008c277960,0x000000008c280000)
 Metaspace       used 76556K, committed 78272K, reserved 1179648K
  class space    used 8140K, committed 8896K, reserved 1048576K
}
Event: 35.752 GC heap after
{Heap after GC invocations=274 (full 3):
 PSYoungGen      total 3584K, used 658K [0x00000000d5580000, 0x00000000d5a00000, 0x0000000100000000)
  eden space 2560K, 0% used [0x00000000d5580000,0x00000000d5580000,0x00000000d5800000)
  from space 1024K, 64% used [0x00000000d5800000,0x00000000d58a4b88,0x00000000d5900000)
  to   space 1024K, 0% used [0x00000000d5900000,0x00000000d5900000,0x00000000d5a00000)
 ParOldGen       total 199680K, used 199668K [0x0000000080000000, 0x000000008c300000, 0x00000000d5580000)
  object space 199680K, 99% used [0x0000000080000000,0x000000008c2fd2e8,0x000000008c300000)
 Metaspace       used 76556K, committed 78272K, reserved 1179648K
  class space    used 8140K, committed 8896K, reserved 1048576K
}
Event: 35.773 GC heap before
{Heap before GC invocations=275 (full 3):
 PSYoungGen      total 3584K, used 3218K [0x00000000d5580000, 0x00000000d5a00000, 0x0000000100000000)
  eden space 2560K, 100% used [0x00000000d5580000,0x00000000d5800000,0x00000000d5800000)
  from space 1024K, 64% used [0x00000000d5800000,0x00000000d58a4b88,0x00000000d5900000)
  to   space 1024K, 0% used [0x00000000d5900000,0x00000000d5900000,0x00000000d5a00000)
 ParOldGen       total 199680K, used 199668K [0x0000000080000000, 0x000000008c300000, 0x00000000d5580000)
  object space 199680K, 99% used [0x0000000080000000,0x000000008c2fd2e8,0x000000008c300000)
 Metaspace       used 76556K, committed 78272K, reserved 1179648K
  class space    used 8140K, committed 8896K, reserved 1048576K
}
Event: 35.775 GC heap after
{Heap after GC invocations=275 (full 3):
 PSYoungGen      total 3584K, used 670K [0x00000000d5580000, 0x00000000d5a00000, 0x0000000100000000)
  eden space 2560K, 0% used [0x00000000d5580000,0x00000000d5580000,0x00000000d5800000)
  from space 1024K, 65% used [0x00000000d5900000,0x00000000d59a7aa8,0x00000000d5a00000)
  to   space 1024K, 0% used [0x00000000d5800000,0x00000000d5800000,0x00000000d5900000)
 ParOldGen       total 200704K, used 200210K [0x0000000080000000, 0x000000008c400000, 0x00000000d5580000)
  object space 200704K, 99% used [0x0000000080000000,0x000000008c384b98,0x000000008c400000)
 Metaspace       used 76556K, committed 78272K, reserved 1179648K
  class space    used 8140K, committed 8896K, reserved 1048576K
}
Event: 35.797 GC heap before
{Heap before GC invocations=276 (full 3):
 PSYoungGen      total 3584K, used 3230K [0x00000000d5580000, 0x00000000d5a00000, 0x0000000100000000)
  eden space 2560K, 100% used [0x00000000d5580000,0x00000000d5800000,0x00000000d5800000)
  from space 1024K, 65% used [0x00000000d5900000,0x00000000d59a7aa8,0x00000000d5a00000)
  to   space 1024K, 0% used [0x00000000d5800000,0x00000000d5800000,0x00000000d5900000)
 ParOldGen       total 200704K, used 200210K [0x0000000080000000, 0x000000008c400000, 0x00000000d5580000)
  object space 200704K, 99% used [0x0000000080000000,0x000000008c384b98,0x000000008c400000)
 Metaspace       used 76556K, committed 78272K, reserved 1179648K
  class space    used 8140K, committed 8896K, reserved 1048576K
}
Event: 35.800 GC heap after
{Heap after GC invocations=276 (full 3):
 PSYoungGen      total 3584K, used 672K [0x00000000d5580000, 0x00000000d5a00000, 0x0000000100000000)
  eden space 2560K, 0% used [0x00000000d5580000,0x00000000d5580000,0x00000000d5800000)
  from space 1024K, 65% used [0x00000000d5800000,0x00000000d58a8000,0x00000000d5900000)
  to   space 1024K, 0% used [0x00000000d5900000,0x00000000d5900000,0x00000000d5a00000)
 ParOldGen       total 201216K, used 200761K [0x0000000080000000, 0x000000008c480000, 0x00000000d5580000)
  object space 201216K, 99% used [0x0000000080000000,0x000000008c40e438,0x000000008c480000)
 Metaspace       used 76556K, committed 78272K, reserved 1179648K
  class space    used 8140K, committed 8896K, reserved 1048576K
}
Event: 35.822 GC heap before
{Heap before GC invocations=277 (full 3):
 PSYoungGen      total 3584K, used 3232K [0x00000000d5580000, 0x00000000d5a00000, 0x0000000100000000)
  eden space 2560K, 100% used [0x00000000d5580000,0x00000000d5800000,0x00000000d5800000)
  from space 1024K, 65% used [0x00000000d5800000,0x00000000d58a8000,0x00000000d5900000)
  to   space 1024K, 0% used [0x00000000d5900000,0x00000000d5900000,0x00000000d5a00000)
 ParOldGen       total 201216K, used 200761K [0x0000000080000000, 0x000000008c480000, 0x00000000d5580000)
  object space 201216K, 99% used [0x0000000080000000,0x000000008c40e438,0x000000008c480000)
 Metaspace       used 76556K, committed 78272K, reserved 1179648K
  class space    used 8140K, committed 8896K, reserved 1048576K
}
Event: 35.824 GC heap after
{Heap after GC invocations=277 (full 3):
 PSYoungGen      total 3584K, used 640K [0x00000000d5580000, 0x00000000d5a00000, 0x0000000100000000)
  eden space 2560K, 0% used [0x00000000d5580000,0x00000000d5580000,0x00000000d5800000)
  from space 1024K, 62% used [0x00000000d5900000,0x00000000d59a0000,0x00000000d5a00000)
  to   space 1024K, 0% used [0x00000000d5800000,0x00000000d5800000,0x00000000d5900000)
 ParOldGen       total 201728K, used 201292K [0x0000000080000000, 0x000000008c500000, 0x00000000d5580000)
  object space 201728K, 99% used [0x0000000080000000,0x000000008c493018,0x000000008c500000)
 Metaspace       used 76556K, committed 78272K, reserved 1179648K
  class space    used 8140K, committed 8896K, reserved 1048576K
}
Event: 35.844 GC heap before
{Heap before GC invocations=278 (full 3):
 PSYoungGen      total 3584K, used 3200K [0x00000000d5580000, 0x00000000d5a00000, 0x0000000100000000)
  eden space 2560K, 100% used [0x00000000d5580000,0x00000000d5800000,0x00000000d5800000)
  from space 1024K, 62% used [0x00000000d5900000,0x00000000d59a0000,0x00000000d5a00000)
  to   space 1024K, 0% used [0x00000000d5800000,0x00000000d5800000,0x00000000d5900000)
 ParOldGen       total 201728K, used 201292K [0x0000000080000000, 0x000000008c500000, 0x00000000d5580000)
  object space 201728K, 99% used [0x0000000080000000,0x000000008c493018,0x000000008c500000)
 Metaspace       used 76556K, committed 78272K, reserved 1179648K
  class space    used 8140K, committed 8896K, reserved 1048576K
}
Event: 35.849 GC heap after
{Heap after GC invocations=278 (full 3):
 PSYoungGen      total 3584K, used 652K [0x00000000d5580000, 0x00000000d5a00000, 0x0000000100000000)
  eden space 2560K, 0% used [0x00000000d5580000,0x00000000d5580000,0x00000000d5800000)
  from space 1024K, 63% used [0x00000000d5800000,0x00000000d58a3160,0x00000000d5900000)
  to   space 1024K, 0% used [0x00000000d5900000,0x00000000d5900000,0x00000000d5a00000)
 ParOldGen       total 202240K, used 201837K [0x0000000080000000, 0x000000008c580000, 0x00000000d5580000)
  object space 202240K, 99% used [0x0000000080000000,0x000000008c51b760,0x000000008c580000)
 Metaspace       used 76556K, committed 78272K, reserved 1179648K
  class space    used 8140K, committed 8896K, reserved 1048576K
}
Event: 35.870 GC heap before
{Heap before GC invocations=279 (full 3):
 PSYoungGen      total 3584K, used 3212K [0x00000000d5580000, 0x00000000d5a00000, 0x0000000100000000)
  eden space 2560K, 100% used [0x00000000d5580000,0x00000000d5800000,0x00000000d5800000)
  from space 1024K, 63% used [0x00000000d5800000,0x00000000d58a3160,0x00000000d5900000)
  to   space 1024K, 0% used [0x00000000d5900000,0x00000000d5900000,0x00000000d5a00000)
 ParOldGen       total 202240K, used 201837K [0x0000000080000000, 0x000000008c580000, 0x00000000d5580000)
  object space 202240K, 99% used [0x0000000080000000,0x000000008c51b760,0x000000008c580000)
 Metaspace       used 76556K, committed 78272K, reserved 1179648K
  class space    used 8140K, committed 8896K, reserved 1048576K
}
Event: 35.872 GC heap after
{Heap after GC invocations=279 (full 3):
 PSYoungGen      total 3584K, used 704K [0x00000000d5580000, 0x00000000d5a00000, 0x0000000100000000)
  eden space 2560K, 0% used [0x00000000d5580000,0x00000000d5580000,0x00000000d5800000)
  from space 1024K, 68% used [0x00000000d5900000,0x00000000d59b0000,0x00000000d5a00000)
  to   space 1024K, 0% used [0x00000000d5800000,0x00000000d5800000,0x00000000d5900000)
 ParOldGen       total 202752K, used 202380K [0x0000000080000000, 0x000000008c600000, 0x00000000d5580000)
  object space 202752K, 99% used [0x0000000080000000,0x000000008c5a3118,0x000000008c600000)
 Metaspace       used 76556K, committed 78272K, reserved 1179648K
  class space    used 8140K, committed 8896K, reserved 1048576K
}
Event: 35.890 GC heap before
{Heap before GC invocations=280 (full 3):
 PSYoungGen      total 3584K, used 3264K [0x00000000d5580000, 0x00000000d5a00000, 0x0000000100000000)
  eden space 2560K, 100% used [0x00000000d5580000,0x00000000d5800000,0x00000000d5800000)
  from space 1024K, 68% used [0x00000000d5900000,0x00000000d59b0000,0x00000000d5a00000)
  to   space 1024K, 0% used [0x00000000d5800000,0x00000000d5800000,0x00000000d5900000)
 ParOldGen       total 202752K, used 202380K [0x0000000080000000, 0x000000008c600000, 0x00000000d5580000)
  object space 202752K, 99% used [0x0000000080000000,0x000000008c5a3118,0x000000008c600000)
 Metaspace       used 76557K, committed 78272K, reserved 1179648K
  class space    used 8140K, committed 8896K, reserved 1048576K
}
Event: 35.893 GC heap after
{Heap after GC invocations=280 (full 3):
 PSYoungGen      total 3584K, used 619K [0x00000000d5580000, 0x00000000d5a00000, 0x0000000100000000)
  eden space 2560K, 0% used [0x00000000d5580000,0x00000000d5580000,0x00000000d5800000)
  from space 1024K, 60% used [0x00000000d5800000,0x00000000d589aca0,0x00000000d5900000)
  to   space 1024K, 0% used [0x00000000d5900000,0x00000000d5900000,0x00000000d5a00000)
 ParOldGen       total 203264K, used 202921K [0x0000000080000000, 0x000000008c680000, 0x00000000d5580000)
  object space 203264K, 99% used [0x0000000080000000,0x000000008c62a6c0,0x000000008c680000)
 Metaspace       used 76557K, committed 78272K, reserved 1179648K
  class space    used 8140K, committed 8896K, reserved 1048576K
}
Event: 35.914 GC heap before
{Heap before GC invocations=281 (full 3):
 PSYoungGen      total 3584K, used 3179K [0x00000000d5580000, 0x00000000d5a00000, 0x0000000100000000)
  eden space 2560K, 100% used [0x00000000d5580000,0x00000000d5800000,0x00000000d5800000)
  from space 1024K, 60% used [0x00000000d5800000,0x00000000d589aca0,0x00000000d5900000)
  to   space 1024K, 0% used [0x00000000d5900000,0x00000000d5900000,0x00000000d5a00000)
 ParOldGen       total 203264K, used 202921K [0x0000000080000000, 0x000000008c680000, 0x00000000d5580000)
  object space 203264K, 99% used [0x0000000080000000,0x000000008c62a6c0,0x000000008c680000)
 Metaspace       used 76557K, committed 78272K, reserved 1179648K
  class space    used 8140K, committed 8896K, reserved 1048576K
}
Event: 35.917 GC heap after
{Heap after GC invocations=281 (full 3):
 PSYoungGen      total 3584K, used 646K [0x00000000d5580000, 0x00000000d5a00000, 0x0000000100000000)
  eden space 2560K, 0% used [0x00000000d5580000,0x00000000d5580000,0x00000000d5800000)
  from space 1024K, 63% used [0x00000000d5900000,0x00000000d59a18f0,0x00000000d5a00000)
  to   space 1024K, 0% used [0x00000000d5800000,0x00000000d5800000,0x00000000d5900000)
 ParOldGen       total 203776K, used 203479K [0x0000000080000000, 0x000000008c700000, 0x00000000d5580000)
  object space 203776K, 99% used [0x0000000080000000,0x000000008c6b5d28,0x000000008c700000)
 Metaspace       used 76557K, committed 78272K, reserved 1179648K
  class space    used 8140K, committed 8896K, reserved 1048576K
}
Event: 35.939 GC heap before
{Heap before GC invocations=282 (full 3):
 PSYoungGen      total 3584K, used 3206K [0x00000000d5580000, 0x00000000d5a00000, 0x0000000100000000)
  eden space 2560K, 100% used [0x00000000d5580000,0x00000000d5800000,0x00000000d5800000)
  from space 1024K, 63% used [0x00000000d5900000,0x00000000d59a18f0,0x00000000d5a00000)
  to   space 1024K, 0% used [0x00000000d5800000,0x00000000d5800000,0x00000000d5900000)
 ParOldGen       total 203776K, used 203479K [0x0000000080000000, 0x000000008c700000, 0x00000000d5580000)
  object space 203776K, 99% used [0x0000000080000000,0x000000008c6b5d28,0x000000008c700000)
 Metaspace       used 76557K, committed 78272K, reserved 1179648K
  class space    used 8140K, committed 8896K, reserved 1048576K
}
Event: 35.942 GC heap after
{Heap after GC invocations=282 (full 3):
 PSYoungGen      total 3584K, used 605K [0x00000000d5580000, 0x00000000d5a00000, 0x0000000100000000)
  eden space 2560K, 0% used [0x00000000d5580000,0x00000000d5580000,0x00000000d5800000)
  from space 1024K, 59% used [0x00000000d5800000,0x00000000d5897700,0x00000000d5900000)
  to   space 1024K, 0% used [0x00000000d5900000,0x00000000d5900000,0x00000000d5a00000)
 ParOldGen       total 204288K, used 204026K [0x0000000080000000, 0x000000008c780000, 0x00000000d5580000)
  object space 204288K, 99% used [0x0000000080000000,0x000000008c73eb38,0x000000008c780000)
 Metaspace       used 76557K, committed 78272K, reserved 1179648K
  class space    used 8140K, committed 8896K, reserved 1048576K
}
Event: 35.968 GC heap before
{Heap before GC invocations=283 (full 3):
 PSYoungGen      total 3584K, used 3165K [0x00000000d5580000, 0x00000000d5a00000, 0x0000000100000000)
  eden space 2560K, 100% used [0x00000000d5580000,0x00000000d5800000,0x00000000d5800000)
  from space 1024K, 59% used [0x00000000d5800000,0x00000000d5897700,0x00000000d5900000)
  to   space 1024K, 0% used [0x00000000d5900000,0x00000000d5900000,0x00000000d5a00000)
 ParOldGen       total 204288K, used 204026K [0x0000000080000000, 0x000000008c780000, 0x00000000d5580000)
  object space 204288K, 99% used [0x0000000080000000,0x000000008c73eb38,0x000000008c780000)
 Metaspace       used 76557K, committed 78272K, reserved 1179648K
  class space    used 8140K, committed 8896K, reserved 1048576K
}
Event: 35.972 GC heap after
{Heap after GC invocations=283 (full 3):
 PSYoungGen      total 3584K, used 480K [0x00000000d5580000, 0x00000000d5a00000, 0x0000000100000000)
  eden space 2560K, 0% used [0x00000000d5580000,0x00000000d5580000,0x00000000d5800000)
  from space 1024K, 46% used [0x00000000d5900000,0x00000000d5978000,0x00000000d5a00000)
  to   space 1024K, 0% used [0x00000000d5800000,0x00000000d5800000,0x00000000d5900000)
 ParOldGen       total 204800K, used 204563K [0x0000000080000000, 0x000000008c800000, 0x00000000d5580000)
  object space 204800K, 99% used [0x0000000080000000,0x000000008c7c4ed0,0x000000008c800000)
 Metaspace       used 76557K, committed 78272K, reserved 1179648K
  class space    used 8140K, committed 8896K, reserved 1048576K
}

Dll operation events (14 events):
Event: 0.018 Loaded shared library c:\Users\CK-2018(5CG10461ML)\.vscode\extensions\redhat.java-1.47.0-win32-x64\jre\21.0.8-win32-x86_64\bin\java.dll
Event: 0.140 Loaded shared library c:\Users\CK-2018(5CG10461ML)\.vscode\extensions\redhat.java-1.47.0-win32-x64\jre\21.0.8-win32-x86_64\bin\zip.dll
Event: 0.187 Loaded shared library C:\Users\CK-2018(5CG10461ML)\.vscode\extensions\redhat.java-1.47.0-win32-x64\jre\21.0.8-win32-x86_64\bin\instrument.dll
Event: 0.198 Loaded shared library C:\Users\CK-2018(5CG10461ML)\.vscode\extensions\redhat.java-1.47.0-win32-x64\jre\21.0.8-win32-x86_64\bin\net.dll
Event: 0.206 Loaded shared library C:\Users\CK-2018(5CG10461ML)\.vscode\extensions\redhat.java-1.47.0-win32-x64\jre\21.0.8-win32-x86_64\bin\nio.dll
Event: 0.217 Loaded shared library C:\Users\CK-2018(5CG10461ML)\.vscode\extensions\redhat.java-1.47.0-win32-x64\jre\21.0.8-win32-x86_64\bin\zip.dll
Event: 0.252 Loaded shared library C:\Users\CK-2018(5CG10461ML)\.vscode\extensions\redhat.java-1.47.0-win32-x64\jre\21.0.8-win32-x86_64\bin\jimage.dll
Event: 0.387 Loaded shared library c:\Users\CK-2018(5CG10461ML)\.vscode\extensions\redhat.java-1.47.0-win32-x64\jre\21.0.8-win32-x86_64\bin\verify.dll
Event: 2.752 Loaded shared library C:\Users\CK-2018(5CG10461ML)\AppData\Roaming\Code\User\globalStorage\redhat.java\1.47.0\config_win\org.eclipse.equinox.launcher\org.eclipse.equinox.launcher.win32.win32.x86_64_1.2.1400.v20250801-0854\eclipse_11916.dll
Event: 4.533 Loaded shared library C:\Users\CK-2018(5CG10461ML)\.vscode\extensions\redhat.java-1.47.0-win32-x64\jre\21.0.8-win32-x86_64\bin\management.dll
Event: 4.540 Loaded shared library C:\Users\CK-2018(5CG10461ML)\.vscode\extensions\redhat.java-1.47.0-win32-x64\jre\21.0.8-win32-x86_64\bin\management_ext.dll
Event: 8.107 Loaded shared library C:\Users\CK-2018(5CG10461ML)\AppData\Local\Temp\jna-642676309\jna15528934696276989227.dll
Event: 8.817 Loaded shared library C:\Users\CK-2018(5CG10461ML)\.vscode\extensions\redhat.java-1.47.0-win32-x64\jre\21.0.8-win32-x86_64\bin\sunmscapi.dll
Event: 9.664 Loaded shared library C:\Users\CK-2018(5CG10461ML)\.vscode\extensions\redhat.java-1.47.0-win32-x64\jre\21.0.8-win32-x86_64\bin\extnet.dll

Deoptimization events (20 events):
Event: 34.488 Thread 0x000002240a319d50 DEOPT PACKING pc=0x00000223b02c9f53 sp=0x00000097379fe5a0
Event: 34.488 Thread 0x000002240a319d50 DEOPT UNPACKING pc=0x00000223b5b64242 sp=0x00000097379fdb08 mode 0
Event: 34.494 Thread 0x000002240a319d50 DEOPT PACKING pc=0x00000223b02c9f53 sp=0x00000097379fe5a0
Event: 34.494 Thread 0x000002240a319d50 DEOPT UNPACKING pc=0x00000223b5b64242 sp=0x00000097379fdb08 mode 0
Event: 34.500 Thread 0x000002240a319d50 DEOPT PACKING pc=0x00000223b02c9f53 sp=0x00000097379fe5a0
Event: 34.501 Thread 0x000002240a319d50 DEOPT UNPACKING pc=0x00000223b5b64242 sp=0x00000097379fdb08 mode 0
Event: 34.536 Thread 0x000002240a31aa70 DEOPT PACKING pc=0x00000223aff578e3 sp=0x0000009737dfdb80
Event: 34.536 Thread 0x000002240a31aa70 DEOPT UNPACKING pc=0x00000223b5b64242 sp=0x0000009737dfd140 mode 0
Event: 34.640 Thread 0x000002240a31aa70 DEOPT PACKING pc=0x00000223aff578e3 sp=0x0000009737dfdb80
Event: 34.640 Thread 0x000002240a31aa70 DEOPT UNPACKING pc=0x00000223b5b64242 sp=0x0000009737dfd140 mode 0
Event: 35.411 Thread 0x000002240a319d50 Uncommon trap: trap_request=0xffffff5c fr.pc=0x00000223b68f1c54 relative=0x0000000000009ad4
Event: 35.411 Thread 0x000002240a319d50 Uncommon trap: reason=speculate_null_check action=make_not_entrant pc=0x00000223b68f1c54 method=org.eclipse.jdt.internal.core.search.indexing.BinaryIndexer.indexDocument()V @ 546 c2
Event: 35.411 Thread 0x000002240a319d50 DEOPT PACKING pc=0x00000223b68f1c54 sp=0x00000097379fe880
Event: 35.412 Thread 0x000002240a319d50 DEOPT UNPACKING pc=0x00000223b5b63aa2 sp=0x00000097379fe830 mode 2
Event: 35.519 Thread 0x000002240a319d50 DEOPT PACKING pc=0x00000223afd484ea sp=0x00000097379fe810
Event: 35.519 Thread 0x000002240a319d50 DEOPT UNPACKING pc=0x00000223b5b64242 sp=0x00000097379fdca8 mode 0
Event: 35.854 Thread 0x000002240a319d50 DEOPT PACKING pc=0x00000223afd484ea sp=0x00000097379fe810
Event: 35.854 Thread 0x000002240a319d50 DEOPT UNPACKING pc=0x00000223b5b64242 sp=0x00000097379fdca8 mode 0
Event: 35.870 Thread 0x000002240a3196c0 DEOPT PACKING pc=0x00000223af0e1a9a sp=0x00000097377febf0
Event: 35.870 Thread 0x000002240a3196c0 DEOPT UNPACKING pc=0x00000223b5b64242 sp=0x00000097377fe058 mode 0

Classes loaded (20 events):
Event: 31.626 Loading class org/xml/sax/SAXNotSupportedException
Event: 31.626 Loading class org/xml/sax/SAXNotSupportedException done
Event: 31.629 Loading class com/sun/org/apache/xerces/internal/util/URI
Event: 31.632 Loading class com/sun/org/apache/xerces/internal/util/URI done
Event: 31.772 Loading class com/sun/org/apache/xerces/internal/xni/XNIException
Event: 31.773 Loading class com/sun/org/apache/xerces/internal/xni/XNIException done
Event: 31.794 Loading class com/sun/org/apache/xerces/internal/xni/parser/XMLParseException
Event: 31.795 Loading class com/sun/org/apache/xerces/internal/xni/parser/XMLParseException done
Event: 34.198 Loading class java/util/HashMap$UnsafeHolder
Event: 34.198 Loading class java/util/HashMap$UnsafeHolder done
Event: 34.200 Loading class java/io/ObjectStreamClass$RecordSupport
Event: 34.201 Loading class java/io/ObjectStreamClass$RecordSupport done
Event: 34.204 Loading class java/io/ObjectStreamClass$DeserializationConstructorsCache$Key$Lookup
Event: 34.204 Loading class java/io/ObjectStreamClass$DeserializationConstructorsCache$Key
Event: 34.204 Loading class java/io/ObjectStreamClass$DeserializationConstructorsCache$Key done
Event: 34.204 Loading class java/io/ObjectStreamClass$DeserializationConstructorsCache$Key$Lookup done
Event: 34.210 Loading class java/lang/invoke/BoundMethodHandle$Species_LIL
Event: 34.210 Loading class java/lang/invoke/BoundMethodHandle$Species_LIL done
Event: 34.219 Loading class java/io/ObjectStreamClass$DeserializationConstructorsCache$Key$Impl
Event: 34.219 Loading class java/io/ObjectStreamClass$DeserializationConstructorsCache$Key$Impl done

Classes unloaded (7 events):
Event: 6.351 Thread 0x00000223ab492a90 Unloading class 0x00000223c31a4800 'java/lang/invoke/LambdaForm$MH+0x00000223c31a4800'
Event: 6.351 Thread 0x00000223ab492a90 Unloading class 0x00000223c31a4400 'java/lang/invoke/LambdaForm$MH+0x00000223c31a4400'
Event: 6.351 Thread 0x00000223ab492a90 Unloading class 0x00000223c31a4000 'java/lang/invoke/LambdaForm$MH+0x00000223c31a4000'
Event: 6.351 Thread 0x00000223ab492a90 Unloading class 0x00000223c31a3c00 'java/lang/invoke/LambdaForm$MH+0x00000223c31a3c00'
Event: 6.351 Thread 0x00000223ab492a90 Unloading class 0x00000223c31a3800 'java/lang/invoke/LambdaForm$BMH+0x00000223c31a3800'
Event: 6.351 Thread 0x00000223ab492a90 Unloading class 0x00000223c31a3400 'java/lang/invoke/LambdaForm$DMH+0x00000223c31a3400'
Event: 6.351 Thread 0x00000223ab492a90 Unloading class 0x00000223c31a2000 'java/lang/invoke/LambdaForm$DMH+0x00000223c31a2000'

Classes redefined (0 events):
No events

Internal exceptions (20 events):
Event: 28.405 Thread 0x000002240a498500 Exception <a 'java/lang/IncompatibleClassChangeError'{0x00000000d5c96ae0}: Found class java.lang.Object, but interface was expected> (0x00000000d5c96ae0) 
thrown [s\src\hotspot\share\interpreter\linkResolver.cpp, line 840]
Event: 28.428 Thread 0x000002240afec370 Exception <a 'java/lang/NoSuchMethodError'{0x00000000d5d95878}: 'java.lang.Object java.lang.invoke.DirectMethodHandle$Holder.invokeSpecial(java.lang.Object, java.lang.Object, java.lang.Object, java.lang.Object, int, java.lang.Object, java.lang.Object)'> (0x00000000d5d95878) 
thrown [s\src\hotspot\share\interpreter\linkResolver.cpp, line 773]
Event: 29.698 Thread 0x000002240afe9580 Exception <a 'sun/nio/fs/WindowsException'{0x00000000d5dcb3c8}> (0x00000000d5dcb3c8) 
thrown [s\src\hotspot\share\prims\jni.cpp, line 520]
Event: 29.698 Thread 0x000002240afe9580 Exception <a 'sun/nio/fs/WindowsException'{0x00000000d5dcbd90}> (0x00000000d5dcbd90) 
thrown [s\src\hotspot\share\prims\jni.cpp, line 520]
Event: 29.753 Thread 0x000002240a1274b0 Exception <a 'sun/nio/fs/WindowsException'{0x00000000d56c6890}> (0x00000000d56c6890) 
thrown [s\src\hotspot\share\prims\jni.cpp, line 520]
Event: 29.754 Thread 0x000002240a1274b0 Exception <a 'sun/nio/fs/WindowsException'{0x00000000d56cb700}> (0x00000000d56cb700) 
thrown [s\src\hotspot\share\prims\jni.cpp, line 520]
Event: 29.787 Thread 0x000002240a319d50 Exception <a 'sun/nio/fs/WindowsException'{0x00000000d5725b18}> (0x00000000d5725b18) 
thrown [s\src\hotspot\share\prims\jni.cpp, line 520]
Event: 29.836 Thread 0x000002240a319d50 Exception <a 'sun/nio/fs/WindowsException'{0x00000000d572c0f8}> (0x00000000d572c0f8) 
thrown [s\src\hotspot\share\prims\jni.cpp, line 520]
Event: 30.403 Thread 0x000002240a319d50 Implicit null exception at 0x00000223b68136e9 to 0x00000223b6813908
Event: 31.584 Thread 0x000002240a31b100 Exception <a 'java/lang/NoSuchMethodError'{0x00000000d5977d10}: 'java.lang.Object java.lang.invoke.DirectMethodHandle$Holder.invokeStatic(java.lang.Object, java.lang.Object, int, java.lang.Object)'> (0x00000000d5977d10) 
thrown [s\src\hotspot\share\interpreter\linkResolver.cpp, line 773]
Event: 34.165 Thread 0x000002240a31aa70 Exception <a 'java/lang/NoSuchMethodError'{0x00000000d5789250}: 'long java.lang.invoke.DirectMethodHandle$Holder.invokeStatic(java.lang.Object, java.lang.Object)'> (0x00000000d5789250) 
thrown [s\src\hotspot\share\interpreter\linkResolver.cpp, line 773]
Event: 34.211 Thread 0x000002240a31aa70 Exception <a 'java/lang/NoSuchMethodError'{0x00000000d585c130}: 'java.lang.Object java.lang.invoke.DirectMethodHandle$Holder.invokeStatic(java.lang.Object, java.lang.Object, java.lang.Object, java.lang.Object, int, java.lang.Object)'> (0x00000000d585c130) 
thrown [s\src\hotspot\share\interpreter\linkResolver.cpp, line 773]
Event: 35.411 Thread 0x000002240a319d50 Implicit null exception at 0x00000223b68eb4f7 to 0x00000223b68f1c40
Event: 35.912 Thread 0x000002240a31aa70 Exception <a 'sun/nio/fs/WindowsException'{0x00000000d578d928}> (0x00000000d578d928) 
thrown [s\src\hotspot\share\prims\jni.cpp, line 520]
Event: 35.912 Thread 0x000002240a31aa70 Exception <a 'sun/nio/fs/WindowsException'{0x00000000d57afec8}> (0x00000000d57afec8) 
thrown [s\src\hotspot\share\prims\jni.cpp, line 520]
Event: 35.920 Thread 0x000002240a31aa70 Exception <a 'sun/nio/fs/WindowsException'{0x00000000d55d18b0}> (0x00000000d55d18b0) 
thrown [s\src\hotspot\share\prims\jni.cpp, line 520]
Event: 35.920 Thread 0x000002240a31aa70 Exception <a 'sun/nio/fs/WindowsException'{0x00000000d55de270}> (0x00000000d55de270) 
thrown [s\src\hotspot\share\prims\jni.cpp, line 520]
Event: 35.954 Thread 0x000002240a31aa70 Exception <a 'sun/nio/fs/WindowsException'{0x00000000d56637e0}> (0x00000000d56637e0) 
thrown [s\src\hotspot\share\prims\jni.cpp, line 520]
Event: 35.956 Thread 0x000002240a31aa70 Exception <a 'sun/nio/fs/WindowsException'{0x00000000d56999b8}> (0x00000000d56999b8) 
thrown [s\src\hotspot\share\prims\jni.cpp, line 520]
Event: 35.987 Thread 0x000002240a31aa70 Exception <a 'java/lang/NoSuchMethodError'{0x00000000d56b1278}: 'int java.lang.invoke.DirectMethodHandle$Holder.invokeSpecial(java.lang.Object, java.lang.Object, java.lang.Object, java.lang.Object, java.lang.Object)'> (0x00000000d56b1278) 
thrown [s\src\hotspot\share\interpreter\linkResolver.cpp, line 773]

ZGC Phase Switch (0 events):
No events

VM Operations (20 events):
Event: 35.752 Executing VM operation: ParallelGCFailedAllocation (Allocation Failure) done
Event: 35.773 Executing VM operation: ParallelGCFailedAllocation (Allocation Failure)
Event: 35.775 Executing VM operation: ParallelGCFailedAllocation (Allocation Failure) done
Event: 35.797 Executing VM operation: ParallelGCFailedAllocation (Allocation Failure)
Event: 35.800 Executing VM operation: ParallelGCFailedAllocation (Allocation Failure) done
Event: 35.822 Executing VM operation: ParallelGCFailedAllocation (Allocation Failure)
Event: 35.824 Executing VM operation: ParallelGCFailedAllocation (Allocation Failure) done
Event: 35.844 Executing VM operation: ParallelGCFailedAllocation (Allocation Failure)
Event: 35.849 Executing VM operation: ParallelGCFailedAllocation (Allocation Failure) done
Event: 35.870 Executing VM operation: ParallelGCFailedAllocation (Allocation Failure)
Event: 35.872 Executing VM operation: ParallelGCFailedAllocation (Allocation Failure) done
Event: 35.890 Executing VM operation: ParallelGCFailedAllocation (Allocation Failure)
Event: 35.893 Executing VM operation: ParallelGCFailedAllocation (Allocation Failure) done
Event: 35.914 Executing VM operation: ParallelGCFailedAllocation (Allocation Failure)
Event: 35.917 Executing VM operation: ParallelGCFailedAllocation (Allocation Failure) done
Event: 35.939 Executing VM operation: ParallelGCFailedAllocation (Allocation Failure)
Event: 35.942 Executing VM operation: ParallelGCFailedAllocation (Allocation Failure) done
Event: 35.968 Executing VM operation: ParallelGCFailedAllocation (Allocation Failure)
Event: 35.972 Executing VM operation: ParallelGCFailedAllocation (Allocation Failure) done
Event: 36.000 Executing VM operation: ParallelGCFailedAllocation (Allocation Failure)

Memory protections (0 events):
No events

Nmethod flushes (20 events):
Event: 21.278 Thread 0x00000223ab492a90 flushing  nmethod 0x00000223aee29790
Event: 21.278 Thread 0x00000223ab492a90 flushing  nmethod 0x00000223aee2c610
Event: 21.278 Thread 0x00000223ab492a90 flushing  nmethod 0x00000223aee30410
Event: 21.278 Thread 0x00000223ab492a90 flushing  nmethod 0x00000223aee3f410
Event: 21.278 Thread 0x00000223ab492a90 flushing  nmethod 0x00000223aee3f910
Event: 21.278 Thread 0x00000223ab492a90 flushing  nmethod 0x00000223aee57e10
Event: 21.278 Thread 0x00000223ab492a90 flushing  nmethod 0x00000223aee67210
Event: 21.278 Thread 0x00000223ab492a90 flushing  nmethod 0x00000223aee78d90
Event: 21.278 Thread 0x00000223ab492a90 flushing  nmethod 0x00000223aee7c210
Event: 21.278 Thread 0x00000223ab492a90 flushing  nmethod 0x00000223aee7c990
Event: 21.278 Thread 0x00000223ab492a90 flushing  nmethod 0x00000223aee7db90
Event: 21.278 Thread 0x00000223ab492a90 flushing  nmethod 0x00000223aee7e290
Event: 21.278 Thread 0x00000223ab492a90 flushing  nmethod 0x00000223aee7e890
Event: 21.278 Thread 0x00000223ab492a90 flushing  nmethod 0x00000223aee7f110
Event: 21.278 Thread 0x00000223ab492a90 flushing  nmethod 0x00000223aee86710
Event: 21.278 Thread 0x00000223ab492a90 flushing  nmethod 0x00000223aee88e90
Event: 21.278 Thread 0x00000223ab492a90 flushing  nmethod 0x00000223aee8d310
Event: 21.278 Thread 0x00000223ab492a90 flushing  nmethod 0x00000223aeea3b90
Event: 21.278 Thread 0x00000223ab492a90 flushing  nmethod 0x00000223aeeba590
Event: 21.278 Thread 0x00000223ab492a90 flushing  nmethod 0x00000223aeedcc90

Events (20 events):
Event: 26.616 Thread 0x000002240afe9c10 Thread exited: 0x000002240afe9c10
Event: 27.022 Thread 0x000002240a498500 Thread added: 0x000002240afea2a0
Event: 27.027 Thread 0x000002240afea2a0 Thread added: 0x000002240afe8ef0
Event: 27.067 Thread 0x000002240afe8ef0 Thread added: 0x000002240afec370
Event: 27.082 Thread 0x000002240afec370 Thread added: 0x000002240afebce0
Event: 27.096 Thread 0x000002240afebce0 Thread added: 0x000002240afe9580
Event: 27.234 Thread 0x000002240afe9580 Thread added: 0x000002240afee440
Event: 27.254 Thread 0x000002240afee440 Thread exited: 0x000002240afee440
Event: 28.190 Thread 0x000002240a497150 Thread exited: 0x000002240a497150
Event: 29.051 Thread 0x000002240afed720 Thread added: 0x000002240afee440
Event: 32.401 Thread 0x000002240a31aa70 Thread added: 0x000002240afeead0
Event: 32.406 Thread 0x000002240a31aa70 Thread added: 0x000002240afeddb0
Event: 32.411 Thread 0x000002240a31aa70 Thread added: 0x000002240afe9c10
Event: 32.415 Thread 0x000002240a31aa70 Thread added: 0x000002240afea930
Event: 32.422 Thread 0x000002240a31aa70 Thread added: 0x000002240afeafc0
Event: 33.496 Thread 0x000002240afeead0 Thread exited: 0x000002240afeead0
Event: 33.496 Thread 0x000002240afea930 Thread exited: 0x000002240afea930
Event: 33.496 Thread 0x000002240afe9c10 Thread exited: 0x000002240afe9c10
Event: 33.497 Thread 0x000002240afeddb0 Thread exited: 0x000002240afeddb0
Event: 33.497 Thread 0x000002240afeafc0 Thread exited: 0x000002240afeafc0


Dynamic libraries:
0x00007ff73ab80000 - 0x00007ff73ab8e000 	c:\Users\CK-2018(5CG10461ML)\.vscode\extensions\redhat.java-1.47.0-win32-x64\jre\21.0.8-win32-x86_64\bin\java.exe
0x00007ffe30950000 - 0x00007ffe30b48000 	C:\windows\SYSTEM32\ntdll.dll
0x00007ffe2b260000 - 0x00007ffe2b280000 	C:\Program Files\Avast Software\Avast\aswhook.dll
0x00007ffe2efa0000 - 0x00007ffe2f05f000 	C:\windows\System32\KERNEL32.DLL
0x00007ffe2e230000 - 0x00007ffe2e526000 	C:\windows\System32\KERNELBASE.dll
0x00007ffe2b430000 - 0x00007ffe2b4c1000 	C:\windows\SYSTEM32\apphelp.dll
0x00007ffe2e650000 - 0x00007ffe2e750000 	C:\windows\System32\ucrtbase.dll
0x00007ffe25960000 - 0x00007ffe2597e000 	c:\Users\CK-2018(5CG10461ML)\.vscode\extensions\redhat.java-1.47.0-win32-x64\jre\21.0.8-win32-x86_64\bin\VCRUNTIME140.dll
0x00007ffe250e0000 - 0x00007ffe250f8000 	c:\Users\CK-2018(5CG10461ML)\.vscode\extensions\redhat.java-1.47.0-win32-x64\jre\21.0.8-win32-x86_64\bin\jli.dll
0x00007ffe2fc90000 - 0x00007ffe2fe2d000 	C:\windows\System32\USER32.dll
0x00007ffe2e8e0000 - 0x00007ffe2e902000 	C:\windows\System32\win32u.dll
0x00007ffe15620000 - 0x00007ffe158ba000 	C:\windows\WinSxS\amd64_microsoft.windows.common-controls_6595b64144ccf1df_6.0.19041.1110_none_60b5254171f9507e\COMCTL32.dll
0x00007ffe2fc60000 - 0x00007ffe2fc8c000 	C:\windows\System32\GDI32.dll
0x00007ffe2f780000 - 0x00007ffe2f81e000 	C:\windows\System32\msvcrt.dll
0x00007ffe2e530000 - 0x00007ffe2e645000 	C:\windows\System32\gdi32full.dll
0x00007ffe2e190000 - 0x00007ffe2e22d000 	C:\windows\System32\msvcp_win.dll
0x00007ffe2fc30000 - 0x00007ffe2fc60000 	C:\windows\System32\IMM32.DLL
0x00007ffe298e0000 - 0x00007ffe298ec000 	c:\Users\CK-2018(5CG10461ML)\.vscode\extensions\redhat.java-1.47.0-win32-x64\jre\21.0.8-win32-x86_64\bin\vcruntime140_1.dll
0x00007ffde9420000 - 0x00007ffde94ad000 	c:\Users\CK-2018(5CG10461ML)\.vscode\extensions\redhat.java-1.47.0-win32-x64\jre\21.0.8-win32-x86_64\bin\msvcp140.dll
0x00007ffdbf3a0000 - 0x00007ffdc0137000 	c:\Users\CK-2018(5CG10461ML)\.vscode\extensions\redhat.java-1.47.0-win32-x64\jre\21.0.8-win32-x86_64\bin\server\jvm.dll
0x00007ffe2eae0000 - 0x00007ffe2eb8f000 	C:\windows\System32\ADVAPI32.dll
0x00007ffe2f820000 - 0x00007ffe2f8bc000 	C:\windows\System32\sechost.dll
0x00007ffe2fa60000 - 0x00007ffe2fb86000 	C:\windows\System32\RPCRT4.dll
0x00007ffe2f060000 - 0x00007ffe2f0cb000 	C:\windows\System32\WS2_32.dll
0x00007ffe2dea0000 - 0x00007ffe2deeb000 	C:\windows\SYSTEM32\POWRPROF.dll
0x00007ffe25890000 - 0x00007ffe2589a000 	C:\windows\SYSTEM32\VERSION.dll
0x00007ffe0b870000 - 0x00007ffe0b897000 	C:\windows\SYSTEM32\WINMM.dll
0x00007ffe2ddd0000 - 0x00007ffe2dde2000 	C:\windows\SYSTEM32\UMPDC.dll
0x00007ffe2c830000 - 0x00007ffe2c842000 	C:\windows\SYSTEM32\kernel.appcore.dll
0x00007ffe27130000 - 0x00007ffe2713a000 	c:\Users\CK-2018(5CG10461ML)\.vscode\extensions\redhat.java-1.47.0-win32-x64\jre\21.0.8-win32-x86_64\bin\jimage.dll
0x00007ffe2bc40000 - 0x00007ffe2be24000 	C:\windows\SYSTEM32\DBGHELP.DLL
0x00007ffe1e550000 - 0x00007ffe1e584000 	C:\windows\SYSTEM32\dbgcore.DLL
0x00007ffe2e750000 - 0x00007ffe2e7d2000 	C:\windows\System32\bcryptPrimitives.dll
0x00007ffe27110000 - 0x00007ffe2711f000 	c:\Users\CK-2018(5CG10461ML)\.vscode\extensions\redhat.java-1.47.0-win32-x64\jre\21.0.8-win32-x86_64\bin\instrument.dll
0x00007ffe250c0000 - 0x00007ffe250df000 	c:\Users\CK-2018(5CG10461ML)\.vscode\extensions\redhat.java-1.47.0-win32-x64\jre\21.0.8-win32-x86_64\bin\java.dll
0x00007ffe2fe30000 - 0x00007ffe30574000 	C:\windows\System32\SHELL32.dll
0x00007ffe2c080000 - 0x00007ffe2c813000 	C:\windows\SYSTEM32\windows.storage.dll
0x00007ffe2eb90000 - 0x00007ffe2eee4000 	C:\windows\System32\combase.dll
0x00007ffe2d9a0000 - 0x00007ffe2d9ce000 	C:\windows\SYSTEM32\Wldp.dll
0x00007ffe2eef0000 - 0x00007ffe2ef9d000 	C:\windows\System32\SHCORE.dll
0x00007ffe2f9a0000 - 0x00007ffe2f9f5000 	C:\windows\System32\shlwapi.dll
0x00007ffe2df70000 - 0x00007ffe2df8f000 	C:\windows\SYSTEM32\profapi.dll
0x00007ffe250a0000 - 0x00007ffe250b8000 	c:\Users\CK-2018(5CG10461ML)\.vscode\extensions\redhat.java-1.47.0-win32-x64\jre\21.0.8-win32-x86_64\bin\zip.dll
0x00007ffe270e0000 - 0x00007ffe270f0000 	C:\Users\CK-2018(5CG10461ML)\.vscode\extensions\redhat.java-1.47.0-win32-x64\jre\21.0.8-win32-x86_64\bin\net.dll
0x00007ffe24510000 - 0x00007ffe2461a000 	C:\windows\SYSTEM32\WINHTTP.dll
0x00007ffe2d6e0000 - 0x00007ffe2d74a000 	C:\windows\system32\mswsock.dll
0x00007ffe1de80000 - 0x00007ffe1de96000 	C:\Users\CK-2018(5CG10461ML)\.vscode\extensions\redhat.java-1.47.0-win32-x64\jre\21.0.8-win32-x86_64\bin\nio.dll
0x00007ffe25090000 - 0x00007ffe250a0000 	c:\Users\CK-2018(5CG10461ML)\.vscode\extensions\redhat.java-1.47.0-win32-x64\jre\21.0.8-win32-x86_64\bin\verify.dll
0x00007ffddff30000 - 0x00007ffddff74000 	C:\Users\CK-2018(5CG10461ML)\AppData\Roaming\Code\User\globalStorage\redhat.java\1.47.0\config_win\org.eclipse.equinox.launcher\org.eclipse.equinox.launcher.win32.win32.x86_64_1.2.1400.v20250801-0854\eclipse_11916.dll
0x00007ffe2f1e0000 - 0x00007ffe2f30a000 	C:\windows\System32\ole32.dll
0x00007ffe1d970000 - 0x00007ffe1d97a000 	C:\Users\CK-2018(5CG10461ML)\.vscode\extensions\redhat.java-1.47.0-win32-x64\jre\21.0.8-win32-x86_64\bin\management.dll
0x00007ffe1d3f0000 - 0x00007ffe1d3fb000 	C:\Users\CK-2018(5CG10461ML)\.vscode\extensions\redhat.java-1.47.0-win32-x64\jre\21.0.8-win32-x86_64\bin\management_ext.dll
0x00007ffe2f1c0000 - 0x00007ffe2f1c8000 	C:\windows\System32\PSAPI.DLL
0x00007ffe2d900000 - 0x00007ffe2d918000 	C:\windows\SYSTEM32\CRYPTSP.dll
0x00007ffe2cfe0000 - 0x00007ffe2d014000 	C:\windows\system32\rsaenh.dll
0x00007ffe2e910000 - 0x00007ffe2e937000 	C:\windows\System32\bcrypt.dll
0x00007ffe2df30000 - 0x00007ffe2df5e000 	C:\windows\SYSTEM32\USERENV.dll
0x00007ffe2d8f0000 - 0x00007ffe2d8fc000 	C:\windows\SYSTEM32\CRYPTBASE.dll
0x00007ffe2d3c0000 - 0x00007ffe2d3fc000 	C:\windows\SYSTEM32\IPHLPAPI.DLL
0x00007ffe2e9b0000 - 0x00007ffe2e9b8000 	C:\windows\System32\NSI.dll
0x00007ffdde040000 - 0x00007ffdde089000 	C:\Users\CK-2018(5CG10461ML)\AppData\Local\Temp\jna-642676309\jna15528934696276989227.dll
0x00007ffe25170000 - 0x00007ffe25187000 	C:\windows\SYSTEM32\dhcpcsvc6.DLL
0x00007ffe249d0000 - 0x00007ffe249ed000 	C:\windows\SYSTEM32\dhcpcsvc.DLL
0x00007ffe1d270000 - 0x00007ffe1d27e000 	C:\Users\CK-2018(5CG10461ML)\.vscode\extensions\redhat.java-1.47.0-win32-x64\jre\21.0.8-win32-x86_64\bin\sunmscapi.dll
0x00007ffe2e030000 - 0x00007ffe2e18e000 	C:\windows\System32\CRYPT32.dll
0x00007ffe2da10000 - 0x00007ffe2da38000 	C:\windows\SYSTEM32\ncrypt.dll
0x00007ffe2d9d0000 - 0x00007ffe2da0b000 	C:\windows\SYSTEM32\NTASN1.dll
0x00007ffe2d400000 - 0x00007ffe2d4ca000 	C:\windows\SYSTEM32\DNSAPI.dll
0x00007ffe272b0000 - 0x00007ffe272ba000 	C:\Windows\System32\rasadhlp.dll
0x00007ffe19720000 - 0x00007ffe197a2000 	C:\windows\System32\fwpuclnt.dll
0x00007ffe19570000 - 0x00007ffe19579000 	C:\Users\CK-2018(5CG10461ML)\.vscode\extensions\redhat.java-1.47.0-win32-x64\jre\21.0.8-win32-x86_64\bin\extnet.dll

JVMTI agents:
c:\Users\CK-2018(5CG10461ML)\.vscode\extensions\redhat.java-1.47.0-win32-x64\lombok\lombok-1.18.39-4050.jar path:c:\Users\CK-2018(5CG10461ML)\.vscode\extensions\redhat.java-1.47.0-win32-x64\jre\21.0.8-win32-x86_64\bin\instrument.dll, loaded, initialized, instrumentlib options:none

dbghelp: loaded successfully - version: 4.0.5 - missing functions: none
symbol engine: initialized successfully - sym options: 0x614 - pdb path: .;c:\Users\CK-2018(5CG10461ML)\.vscode\extensions\redhat.java-1.47.0-win32-x64\jre\21.0.8-win32-x86_64\bin;C:\windows\SYSTEM32;C:\Program Files\Avast Software\Avast;C:\windows\WinSxS\amd64_microsoft.windows.common-controls_6595b64144ccf1df_6.0.19041.1110_none_60b5254171f9507e;c:\Users\CK-2018(5CG10461ML)\.vscode\extensions\redhat.java-1.47.0-win32-x64\jre\21.0.8-win32-x86_64\bin\server;C:\Users\CK-2018(5CG10461ML)\AppData\Roaming\Code\User\globalStorage\redhat.java\1.47.0\config_win\org.eclipse.equinox.launcher\org.eclipse.equinox.launcher.win32.win32.x86_64_1.2.1400.v20250801-0854;C:\Users\CK-2018(5CG10461ML)\AppData\Local\Temp\jna-642676309

VM Arguments:
jvm_args: --add-modules=ALL-SYSTEM --add-opens=java.base/java.util=ALL-UNNAMED --add-opens=java.base/java.lang=ALL-UNNAMED --add-opens=java.base/sun.nio.fs=ALL-UNNAMED -Declipse.application=org.eclipse.jdt.ls.core.id1 -Dosgi.bundles.defaultStartLevel=4 -Declipse.product=org.eclipse.jdt.ls.core.product -Djava.import.generatesMetadataFilesAtProjectRoot=false -DDetectVMInstallationsJob.disabled=true -Dfile.encoding=utf8 -XX:+UseParallelGC -XX:GCTimeRatio=4 -XX:AdaptiveSizePolicyWeight=90 -Dsun.zip.disableMemoryMapping=true -Xmx2G -Xms100m -Xlog:disable -javaagent:c:\Users\CK-2018(5CG10461ML)\.vscode\extensions\redhat.java-1.47.0-win32-x64\lombok\lombok-1.18.39-4050.jar -XX:+HeapDumpOnOutOfMemoryError -XX:HeapDumpPath=c:\Users\CK-2018(5CG10461ML)\AppData\Roaming\Code\User\workspaceStorage\48edd4482cddc8e33c2859454edb14ff\redhat.java -Daether.dependencyCollector.impl=bf 
java_command: c:\Users\CK-2018(5CG10461ML)\.vscode\extensions\redhat.java-1.47.0-win32-x64\server\plugins\org.eclipse.equinox.launcher_1.7.100.v20251014-1222.jar -configuration c:\Users\CK-2018(5CG10461ML)\AppData\Roaming\Code\User\globalStorage\redhat.java\1.47.0\config_win -data c:\Users\CK-2018(5CG10461ML)\AppData\Roaming\Code\User\workspaceStorage\48edd4482cddc8e33c2859454edb14ff\redhat.java\jdt_ws --pipe=\\.\pipe\lsp-afecbd2a4ea55f1591384f76fb740bef-sock
java_class_path (initial): c:\Users\CK-2018(5CG10461ML)\.vscode\extensions\redhat.java-1.47.0-win32-x64\server\plugins\org.eclipse.equinox.launcher_1.7.100.v20251014-1222.jar
Launcher Type: SUN_STANDARD

[Global flags]
    uintx AdaptiveSizePolicyWeight                 = 90                                        {product} {command line}
     intx CICompilerCount                          = 4                                         {product} {ergonomic}
    uintx GCTimeRatio                              = 4                                         {product} {command line}
     bool HeapDumpOnOutOfMemoryError               = true                                   {manageable} {command line}
    ccstr HeapDumpPath                             = c:\Users\CK-2018(5CG10461ML)\AppData\Roaming\Code\User\workspaceStorage\48edd4482cddc8e33c2859454edb14ff\redhat.java         {manageable} {command line}
   size_t InitialHeapSize                          = 104857600                                 {product} {command line}
   size_t MaxHeapSize                              = 2147483648                                {product} {command line}
   size_t MaxNewSize                               = 715653120                                 {product} {ergonomic}
   size_t MinHeapDeltaBytes                        = 524288                                    {product} {ergonomic}
   size_t MinHeapSize                              = 104857600                                 {product} {command line}
   size_t NewSize                                  = 34603008                                  {product} {ergonomic}
    uintx NonNMethodCodeHeapSize                   = 5839372                                {pd product} {ergonomic}
    uintx NonProfiledCodeHeapSize                  = 122909434                              {pd product} {ergonomic}
   size_t OldSize                                  = 70254592                                  {product} {ergonomic}
    uintx ProfiledCodeHeapSize                     = 122909434                              {pd product} {ergonomic}
    uintx ReservedCodeCacheSize                    = 251658240                              {pd product} {ergonomic}
     bool SegmentedCodeCache                       = true                                      {product} {ergonomic}
   size_t SoftMaxHeapSize                          = 2147483648                             {manageable} {ergonomic}
     bool UseCompressedOops                        = true                           {product lp64_product} {ergonomic}
     bool UseLargePagesIndividualAllocation        = false                                  {pd product} {ergonomic}
     bool UseParallelGC                            = true                                      {product} {command line}

Logging:
Log output configuration:
 #0: stdout all=off uptime,level,tags foldmultilines=false
 #1: stderr all=off uptime,level,tags foldmultilines=false

Environment Variables:
JAVA_HOME=C:\Program Files\Eclipse Adoptium\jdk-21.0.2.13-hotspot
PATH=C:\Program Files\Eclipse Adoptium\jdk-21.0.2.13-hotspot\bin;C:\oracle\product\10.2.0\db_1\bin;C:\Program Files\Java\jdk-18.0.1.1;C:\Program Files\Common Files\Oracle\Java\javapath;C:\Program Files (x86)\VMware\VMware Workstation\bin\;C:\ProgramData\Oracle\Java\javapath;C:\Program Files (x86)\Common Files\Oracle\Java\javapath;C:\Program Files\Java\jdk1.8.0_101\bin;C:\Users\CK-2018(5CG10461ML)\Downloads\cmder\vendor\git-for-windows\mingw64\bin;C:\Program Files\MATLAB\R2021a\bin;C:\Program Files\Java\jdk-18.0.1.1\bin;C:\Program Files\Microsoft SQL Server\Client SDK\ODBC\170\Tools\Binn\;C:\Program Files (x86)\Microsoft SQL Server\150\Tools\Binn\;C:\Program Files\Microsoft SQL Server\150\Tools\Binn\;C:\Program Files\Microsoft SQL Server\150\DTS\Binn\;C:\Program Files (x86)\Microsoft SQL Server\160\DTS\Binn\;C:\Program Files\Azure Data Studio\bin;C:\Program Files\MySQL\MySQL Server 8.0\bin;C:\ProgramData\chocolatey\bin;C:\Program Files\nodejs\;C:\Program Files (x86)\Microsoft SQL Server\110\Tools\Binn\;C:\Program Files (x86)\Microsoft SQL Server\110\DTS\Binn\;C:\Program Files (x86)\Microsoft SQL Server\110\Tools\Binn\ManagementStudio\;C:\Program Files\Git\cmd;C:\Program Files\Docker\Docker\resources\bin;C:\Users\CK-2018\OneDrive\Desktop\apache-maven-3.9.9\bin;C:\Program Files\MongoDB\Server\8.0\bin;C:\ProgramData\chocolatey\lib\maven\apache-maven-3.9.11\bin;C:\Windows\System32\WindowsPowerShell\v1.0;C:\Program Files\MySQL\MySQL Shell 8.0\bin\;D:\Python\Scripts\;D:\Python\;C:\Users\CK-2018(5CG10461ML)\AppData\Local\Programs\Python\Python37-32\Scripts\;C:\Users\CK-2018(5CG10461ML)\AppData\Local\Programs\Python\Python37-32\;C:\Users\CK-2018(5CG10461ML)\AppData\Local\Programs\Python\Python37\Scripts\;C:\Users\CK-2018(5CG10461ML)\AppData\Local\Programs\Python\Python37\;C:\Program Files\Java\jdk1.8.0_101\bin;C:\Users\CK-2018(5CG10461ML)\AppData\Local\Programs\Microsoft VS Code\bin;C:\Program Files\JetBrains\PyCharm Community Edition 2021.1.1\bin;;C:\Users\CK-2018(5CG10461ML)\AppData\Local\Programs\Python\Python37-32;C:\Users\CK-2018(5CG10461ML)\AppData\Local\Programs\Python\Python37-32\Scripts\;C:\Program Files\Azure Data Studio\bin;C:\Users\CK-2018(5CG10461ML)\AppData\Roaming\npm;C:\Windows\System32\WindowsPowerShell\v1.0;
USERNAME=CK-2018(5CG10461ML)
TMPDIR=C:\Users\Public\Documents\Wondershare\CreatorTemp
OS=Windows_NT
PROCESSOR_IDENTIFIER=Intel64 Family 6 Model 142 Stepping 12, GenuineIntel
TMP=C:\Users\CK-201~1\AppData\Local\Temp
TEMP=C:\Users\CK-201~1\AppData\Local\Temp




Periodic native trim disabled

---------------  S Y S T E M  ---------------

OS:
 Windows 10 , 64 bit Build 19041 (10.0.19041.3031)
OS uptime: 20 days 20:55 hours
Hyper-V role detected

CPU: total 8 (initial active 8) (4 cores per cpu, 2 threads per core) family 6 model 142 stepping 12 microcode 0xde, cx8, cmov, fxsr, ht, mmx, 3dnowpref, sse, sse2, sse3, ssse3, sse4.1, sse4.2, popcnt, lzcnt, tsc, tscinvbit, avx, avx2, aes, erms, clmul, bmi1, bmi2, adx, fma, vzeroupper, clflush, clflushopt, hv, rdtscp, f16c
Processor Information for the first 8 processors :
  Max Mhz: 2112, Current Mhz: 1609, Mhz Limit: 1605

Memory: 4k page, system-wide physical 8014M (315M free)
TotalPageFile size 20514M (AvailPageFile size 5M)
current process WorkingSet (physical memory assigned to process): 399M, peak: 432M
current process commit charge ("private bytes"): 541M, peak: 1706M

vm_info: OpenJDK 64-Bit Server VM (21.0.8+9-LTS) for windows-amd64 JRE (21.0.8+9-LTS), built on 2025-07-15T00:00:00Z by "admin" with MS VC++ 17.7 (VS2022)

END.
